Archive member included to satisfy reference by file (symbol)

D:/MCUXpressoIDE_24.12.148/ide/plugins/com.nxp.mcuxpresso.tools.win32_24.12.0.202407110909/tools/bin/../lib/gcc/arm-none-eabi/13.2.1/../../../../arm-none-eabi/lib/thumb/v8-m.main+fp/hard\libcr_nohost_nf.a(_cr__main.o)
                              ./startup/startup_lpc55s69_cm33_core0.o (__main)
D:/MCUXpressoIDE_24.12.148/ide/plugins/com.nxp.mcuxpresso.tools.win32_24.12.0.202407110909/tools/bin/../lib/gcc/arm-none-eabi/13.2.1/../../../../arm-none-eabi/lib/thumb/v8-m.main+fp/hard\libcr_c.a(memset.o)
                              ./drivers/fsl_clock.o (memset)
D:/MCUXpressoIDE_24.12.148/ide/plugins/com.nxp.mcuxpresso.tools.win32_24.12.0.202407110909/tools/bin/../lib/gcc/arm-none-eabi/13.2.1/../../../../arm-none-eabi/lib/thumb/v8-m.main+fp/hard\libcr_c.a(alloc.o)
                              ./drivers/fsl_common.o (malloc)
D:/MCUXpressoIDE_24.12.148/ide/plugins/com.nxp.mcuxpresso.tools.win32_24.12.0.202407110909/tools/bin/../lib/gcc/arm-none-eabi/13.2.1/../../../../arm-none-eabi/lib/thumb/v8-m.main+fp/hard\libcr_c.a(errno.o)
                              ./utilities/fsl_str.o (errno)
D:/MCUXpressoIDE_24.12.148/ide/plugins/com.nxp.mcuxpresso.tools.win32_24.12.0.202407110909/tools/bin/../lib/gcc/arm-none-eabi/13.2.1/../../../../arm-none-eabi/lib/thumb/v8-m.main+fp/hard\libcr_c.a(initio.o)
                              D:/MCUXpressoIDE_24.12.148/ide/plugins/com.nxp.mcuxpresso.tools.win32_24.12.0.202407110909/tools/bin/../lib/gcc/arm-none-eabi/13.2.1/../../../../arm-none-eabi/lib/thumb/v8-m.main+fp/hard\libcr_nohost_nf.a(_cr__main.o) (_initio)
D:/MCUXpressoIDE_24.12.148/ide/plugins/com.nxp.mcuxpresso.tools.win32_24.12.0.202407110909/tools/bin/../lib/gcc/arm-none-eabi/13.2.1/../../../../arm-none-eabi/lib/thumb/v8-m.main+fp/hard\libcr_c.a(scanf.o)
                              ./utilities/fsl_str.o (strtoul)
D:/MCUXpressoIDE_24.12.148/ide/plugins/com.nxp.mcuxpresso.tools.win32_24.12.0.202407110909/tools/bin/../lib/gcc/arm-none-eabi/13.2.1/../../../../arm-none-eabi/lib/thumb/v8-m.main+fp/hard\libcr_c.a(setvbuf.o)
                              D:/MCUXpressoIDE_24.12.148/ide/plugins/com.nxp.mcuxpresso.tools.win32_24.12.0.202407110909/tools/bin/../lib/gcc/arm-none-eabi/13.2.1/../../../../arm-none-eabi/lib/thumb/v8-m.main+fp/hard\libcr_c.a(initio.o) (setvbuf)
D:/MCUXpressoIDE_24.12.148/ide/plugins/com.nxp.mcuxpresso.tools.win32_24.12.0.202407110909/tools/bin/../lib/gcc/arm-none-eabi/13.2.1/../../../../arm-none-eabi/lib/thumb/v8-m.main+fp/hard\libcr_c.a(strlen.o)
                              ./utilities/fsl_debug_console.o (strlen)
D:/MCUXpressoIDE_24.12.148/ide/plugins/com.nxp.mcuxpresso.tools.win32_24.12.0.202407110909/tools/bin/../lib/gcc/arm-none-eabi/13.2.1/../../../../arm-none-eabi/lib/thumb/v8-m.main+fp/hard\libcr_c.a(ungetc.o)
                              D:/MCUXpressoIDE_24.12.148/ide/plugins/com.nxp.mcuxpresso.tools.win32_24.12.0.202407110909/tools/bin/../lib/gcc/arm-none-eabi/13.2.1/../../../../arm-none-eabi/lib/thumb/v8-m.main+fp/hard\libcr_c.a(scanf.o) (ungetc)
D:/MCUXpressoIDE_24.12.148/ide/plugins/com.nxp.mcuxpresso.tools.win32_24.12.0.202407110909/tools/bin/../lib/gcc/arm-none-eabi/13.2.1/../../../../arm-none-eabi/lib/thumb/v8-m.main+fp/hard\libcr_c.a(__fillbuf.o)
                              D:/MCUXpressoIDE_24.12.148/ide/plugins/com.nxp.mcuxpresso.tools.win32_24.12.0.202407110909/tools/bin/../lib/gcc/arm-none-eabi/13.2.1/../../../../arm-none-eabi/lib/thumb/v8-m.main+fp/hard\libcr_c.a(scanf.o) (__filbuf)
D:/MCUXpressoIDE_24.12.148/ide/plugins/com.nxp.mcuxpresso.tools.win32_24.12.0.202407110909/tools/bin/../lib/gcc/arm-none-eabi/13.2.1/../../../../arm-none-eabi/lib/thumb/v8-m.main+fp/hard\libcr_c.a(__init_alloc.o)
                              D:/MCUXpressoIDE_24.12.148/ide/plugins/com.nxp.mcuxpresso.tools.win32_24.12.0.202407110909/tools/bin/../lib/gcc/arm-none-eabi/13.2.1/../../../../arm-none-eabi/lib/thumb/v8-m.main+fp/hard\libcr_c.a(alloc.o) (__heaps)
D:/MCUXpressoIDE_24.12.148/ide/plugins/com.nxp.mcuxpresso.tools.win32_24.12.0.202407110909/tools/bin/../lib/gcc/arm-none-eabi/13.2.1/../../../../arm-none-eabi/lib/thumb/v8-m.main+fp/hard\libcr_c.a(_cr_sbrk.o)
                              D:/MCUXpressoIDE_24.12.148/ide/plugins/com.nxp.mcuxpresso.tools.win32_24.12.0.202407110909/tools/bin/../lib/gcc/arm-none-eabi/13.2.1/../../../../arm-none-eabi/lib/thumb/v8-m.main+fp/hard\libcr_c.a(alloc.o) (_sbrk)
D:/MCUXpressoIDE_24.12.148/ide/plugins/com.nxp.mcuxpresso.tools.win32_24.12.0.202407110909/tools/bin/../lib/gcc/arm-none-eabi/13.2.1/../../../../arm-none-eabi/lib/thumb/v8-m.main+fp/hard\libcr_c.a(_deferredlazyseek.o)
                              D:/MCUXpressoIDE_24.12.148/ide/plugins/com.nxp.mcuxpresso.tools.win32_24.12.0.202407110909/tools/bin/../lib/gcc/arm-none-eabi/13.2.1/../../../../arm-none-eabi/lib/thumb/v8-m.main+fp/hard\libcr_c.a(__fillbuf.o) (_deferredlazyseek)
[...]
Memory Configuration

Name             Origin             Length             Attributes
PROGRAM_FLASH    0x00000000         0x0009d800         xr
SRAM             0x20000000         0x00040000         xrw
SRAMX            0x04000000         0x00008000         xrw
USB_RAM          0x40100000         0x00004000         xrw
SRAM4            0x20040000         0x00004000         xrw
*default*        0x00000000         0xffffffff

Linker script and memory map

LOAD ./utilities/fsl_assert.o
LOAD ./utilities/fsl_debug_console.o
LOAD ./utilities/fsl_memcpy.o
LOAD ./utilities/fsl_str.o
LOAD ./startup/boot_multicore_slave.o
LOAD ./startup/startup_lpc55s69_cm33_core0.o
LOAD ./source/SwTimers.o
LOAD ./source/btn_debounce.o
LOAD ./source/ctimer_driver.o
LOAD ./source/gpio4Displays.o
LOAD ./source/gpio_driver.o
LOAD ./source/init_switch.o
LOAD ./source/main.o
LOAD ./source/semihost_hardfault.o
LOAD ./source/sensor_gpio.o
LOAD ./source/utick_timer.o
LOAD ./drivers/fsl_clock.o
LOAD ./drivers/fsl_common.o
LOAD ./drivers/fsl_common_arm.o
LOAD ./drivers/fsl_flexcomm.o
LOAD ./drivers/fsl_gpio.o
LOAD ./drivers/fsl_power.o
LOAD ./drivers/fsl_reset.o
LOAD ./drivers/fsl_usart.o
LOAD ./device/system_LPC55S69_cm33_core0.o
LOAD ./component/uart/fsl_adapter_usart.o
LOAD ./component/lists/fsl_component_generic_list.o
LOAD ./board/board.o
LOAD ./board/clock_config.o
LOAD ./board/pin_mux.o
START GROUP
LOAD D:/MCUXpressoIDE_24.12.148/ide/plugins/com.nxp.mcuxpresso.tools.win32_24.12.0.202407110909/tools/bin/../lib/gcc/arm-none-eabi/13.2.1/../../../../arm-none-eabi/lib/thumb/v8-m.main+fp/hard\libcr_nohost_nf.a
LOAD D:/MCUXpressoIDE_24.12.148/ide/plugins/com.nxp.mcuxpresso.tools.win32_24.12.0.202407110909/tools/bin/../lib/gcc/arm-none-eabi/13.2.1/../../../../arm-none-eabi/lib/thumb/v8-m.main+fp/hard\libcr_c.a
LOAD D:/MCUXpressoIDE_24.12.148/ide/plugins/com.nxp.mcuxpresso.tools.win32_24.12.0.202407110909/tools/bin/../lib/gcc/arm-none-eabi/13.2.1/thumb/v8-m.main+fp/hard\libcr_eabihelpers.a
LOAD D:/MCUXpressoIDE_24.12.148/ide/plugins/com.nxp.mcuxpresso.tools.win32_24.12.0.202407110909/tools/bin/../lib/gcc/arm-none-eabi/13.2.1/thumb/v8-m.main+fp/hard\libgcc.a
END GROUP
                0x00000000                        __base_PROGRAM_FLASH = 0x0
                0x00000000                        __base_Flash = 0x0
                0x0009d800                        __top_PROGRAM_FLASH = 0x9d800
                0x0009d800                        __top_Flash = 0x9d800
                0x20000000                        __base_SRAM = 0x20000000
                0x20000000                        __base_RAM = 0x20000000
                0x20040000                        __top_SRAM = 0x20040000
                0x20040000                        __top_RAM = 0x20040000
                0x04000000                        __base_SRAMX = 0x4000000
                0x04000000                        __base_RAM2 = 0x4000000
                0x04008000                        __top_SRAMX = 0x4008000
                0x04008000                        __top_RAM2 = 0x4008000
                0x40100000                        __base_USB_RAM = 0x40100000
                0x40100000                        __base_RAM3 = 0x40100000
                0x40104000                        __top_USB_RAM = 0x40104000
                0x40104000                        __top_RAM3 = 0x40104000
                0x20040000                        __base_SRAM4 = 0x20040000
                0x20040000                        __base_RAM4 = 0x20040000
                0x20044000                        __top_SRAM4 = 0x20044000
                0x20044000                        __top_RAM4 = 0x20044000

.text           0x00000000     0x2160
 FILL mask 0xff
                0x00000000                        __vectors_start__ = ABSOLUTE (.)
 *(SORT_BY_ALIGNMENT(.isr_vector))
 .isr_vector    0x00000000      0x130 ./startup/startup_lpc55s69_cm33_core0.o
                0x00000000                g_pfnVectors
                0x00000000                __Vectors
                0x00000130                        . = ALIGN (0x4)
                0x00000130                        __section_table_start = .
                0x00000130                        __data_section_table = .
                0x00000130        0x4 LONG 0x2160 LOADADDR (.data)
                0x00000134        0x4 LONG 0x20000000 ADDR (.data)
                0x00000138        0x4 LONG 0x2c SIZEOF (.data)
                0x0000013c        0x4 LONG 0x2160 LOADADDR (.data_RAM2)
                0x00000140        0x4 LONG 0x4000000 ADDR (.data_RAM2)
                0x00000144        0x4 LONG 0x0 SIZEOF (.data_RAM2)
                0x00000148        0x4 LONG 0x2160 LOADADDR (.data_RAM3)
                0x0000014c        0x4 LONG 0x40100000 ADDR (.data_RAM3)
                0x00000150        0x4 LONG 0x0 SIZEOF (.data_RAM3)
                0x00000154        0x4 LONG 0x2160 LOADADDR (.data_RAM4)
                0x00000158        0x4 LONG 0x20040000 ADDR (.data_RAM4)
                0x0000015c        0x4 LONG 0x0 SIZEOF (.data_RAM4)
                0x00000160                        __data_section_table_end = .
                0x00000160                        __bss_section_table = .
                0x00000160        0x4 LONG 0x2000002c ADDR (.bss)
                0x00000164        0x4 LONG 0x144 SIZEOF (.bss)
                0x00000168        0x4 LONG 0x4000000 ADDR (.bss_RAM2)
                0x0000016c        0x4 LONG 0x0 SIZEOF (.bss_RAM2)
                0x00000170        0x4 LONG 0x40100000 ADDR (.bss_RAM3)
                0x00000174        0x4 LONG 0x0 SIZEOF (.bss_RAM3)
                0x00000178        0x4 LONG 0x20040000 ADDR (.bss_RAM4)
                0x0000017c        0x4 LONG 0x0 SIZEOF (.bss_RAM4)
                0x00000180                        __bss_section_table_end = .
                0x00000180                        __section_table_end = .
 *(SORT_BY_ALIGNMENT(.after_vectors*))
 .after_vectors.reset
                0x00000180       0x68 ./startup/startup_lpc55s69_cm33_core0.o
                0x00000180                ResetISR
 .after_vectors.init_data
                0x000001e8       0x1e ./startup/startup_lpc55s69_cm33_core0.o
                0x000001e8                data_init
 .after_vectors.init_bss
                0x00000206       0x12 ./startup/startup_lpc55s69_cm33_core0.o
                0x00000206                bss_init
 .after_vectors
                0x00000218       0x16 ./startup/startup_lpc55s69_cm33_core0.o
                0x00000218                NMI_Handler
                0x0000021c                MemManage_Handler
                0x0000021e                BusFault_Handler
                0x00000220                UsageFault_Handler
                0x00000222                SecureFault_Handler
                0x00000224                SVC_Handler
                0x00000226                DebugMon_Handler
                0x00000228                PendSV_Handler
                0x0000022a                SysTick_Handler
                0x0000022c                Reserved56_DriverIRQHandler
                0x0000022c                PIN_INT0_DriverIRQHandler
                0x0000022c                CTIMER2_DriverIRQHandler
                0x0000022c                PIN_INT2_DriverIRQHandler
                0x0000022c                PIN_INT3_DriverIRQHandler
                0x0000022c                IntDefaultHandler
                0x0000022c                USB0_DriverIRQHandler
                0x0000022c                CASER_DriverIRQHandler
                0x0000022c                MRT0_DriverIRQHandler
                0x0000022c                UTICK0_DriverIRQHandler
                0x0000022c                Reserved41_DriverIRQHandler
                0x0000022c                PIN_INT4_DriverIRQHandler
                0x0000022c                PIN_INT5_DriverIRQHandler
                0x0000022c                SEC_GPIO_INT0_IRQ0_DriverIRQHandler
                0x0000022c                CTIMER4_DriverIRQHandler
                0x0000022c                GINT1_DriverIRQHandler
                0x0000022c                PIN_INT7_DriverIRQHandler
                0x0000022c                Reserved55_DriverIRQHandler
                0x0000022c                SEC_VIO_DriverIRQHandler
                0x0000022c                USB0_NEEDCLK_DriverIRQHandler
                0x0000022c                CTIMER0_DriverIRQHandler
                0x0000022c                CTIMER1_DriverIRQHandler
                0x0000022c                Reserved42_DriverIRQHandler
                0x0000022c                PIN_INT6_DriverIRQHandler
                0x0000022c                PQ_DriverIRQHandler
                0x0000022c                MAILBOX_DriverIRQHandler
                0x0000022c                PIN_INT1_DriverIRQHandler
                0x0000022c                CTIMER3_DriverIRQHandler
                0x0000022c                Reserved61_DriverIRQHandler
                0x0000022c                SEC_GPIO_INT0_IRQ1_DriverIRQHandler
                0x0000022c                PUF_DriverIRQHandler
                0x0000022c                RTC_DriverIRQHandler
                0x0000022c                DMA0_DriverIRQHandler
                0x0000022c                Reserved39_DriverIRQHandler
                0x0000022c                USB1_DriverIRQHandler
                0x0000022c                Reserved60_DriverIRQHandler
                0x0000022c                DMA1_DriverIRQHandler
                0x0000022c                ADC0_DriverIRQHandler
                0x0000022c                USB1_NEEDCLK_DriverIRQHandler
                0x0000022c                Reserved59_DriverIRQHandler
                0x0000022c                SDIO_DriverIRQHandler
                0x0000022c                GINT0_DriverIRQHandler
                0x0000022c                USB1_PHY_DriverIRQHandler
                0x0000022c                ACMP_DriverIRQHandler
                0x0000022c                Reserved57_DriverIRQHandler
                0x0000022c                HASHCRYPT_DriverIRQHandler
                0x0000022c                Reserved46_DriverIRQHandler
                0x0000022c                WDT_BOD_DriverIRQHandler
                0x0000022c                SCT0_DriverIRQHandler
                0x0000022c                PLU_DriverIRQHandler
                0x0000022c                OS_EVENT_DriverIRQHandler
                0x0000022c                SEC_HYPERVISOR_CALL_DriverIRQHandler
 *(SORT_BY_ALIGNMENT(.text*))
 *fill*         0x0000022e        0x2 ff
 .text.__assertion_failed
                0x00000230       0x2c ./utilities/fsl_assert.o
                0x00000230                __assertion_failed
 .text.DbgConsole_Vprintf
                0x0000025c       0x3c ./utilities/fsl_debug_console.o
                0x0000025c                DbgConsole_Vprintf
 .text.DbgConsole_Putchar
                0x00000298       0x30 ./utilities/fsl_debug_console.o
                0x00000298                DbgConsole_Putchar
 .text.DbgConsole_PrintfFormattedData
                0x000002c8      0x3e0 ./utilities/fsl_debug_console.o
 .text          0x000006a8       0xa0 ./utilities/fsl_memcpy.o
                0x000006a8                memcpy
 .text.vfnSwTimers_Init
                0x00000748       0x20 ./source/SwTimers.o
                0x00000748                vfnSwTimers_Init
 .text.vfnSwTimers_Task
                0x00000768       0x6c ./source/SwTimers.o
                0x00000768                vfnSwTimers_Task
 .text.bfnSwTimers_RequestTimer
                0x000007d4       0x64 ./source/SwTimers.o
                0x000007d4                bfnSwTimers_RequestTimer
 .text.vfnSwTimers_StartTimer
                0x00000838       0x5c ./source/SwTimers.o
                0x00000838                vfnSwTimers_StartTimer
 .text.bfnSwTimers_GetStatus
                0x00000894       0x48 ./source/SwTimers.o
                0x00000894                bfnSwTimers_GetStatus
 .text.vfnInit_Btn
                0x000008dc       0x80 ./source/btn_debounce.o
                0x000008dc                vfnInit_Btn
 .text.bfnReturn
                0x0000095c      0x108 ./source/btn_debounce.o
                0x0000095c                bfnReturn
 .text.vfnInitCTimerAndPins
                0x00000a64       0x80 ./source/ctimer_driver.o
                0x00000a64                vfnInitCTimerAndPins
 .text.vfnSetUpPWM_Freq
                0x00000ae4       0x78 ./source/ctimer_driver.o
                0x00000ae4                vfnSetUpPWM_Freq
 .text.vfnUpdate_PWM
                0x00000b5c       0x58 ./source/ctimer_driver.o
                0x00000b5c                vfnUpdate_PWM
 .text.CTIMER_StartTimer
                0x00000bb4       0x24 ./source/ctimer_driver.o
                0x00000bb4                CTIMER_StartTimer
 .text.vfnInitGpios
                0x00000bd8      0x10c ./source/gpio4Displays.o
                0x00000bd8                vfnInitGpios
 .text.vfnColumns_Driver
                0x00000ce4       0xd0 ./source/gpio4Displays.o
                0x00000ce4                vfnColumns_Driver
 .text.vfnToggleDotPoint
                0x00000db4       0x44 ./source/gpio4Displays.o
                0x00000db4                vfnToggleDotPoint
 .text.vfnDisplayRPM
                0x00000df8       0xb8 ./source/gpio4Displays.o
                0x00000df8                vfnDisplayRPM
 .text.vfnRpmTimerAssignAndInit
                0x00000eb0       0x28 ./source/main.o
                0x00000eb0                vfnRpmTimerAssignAndInit
 .text.vfnHallSensorTimerAssignAndInit
                0x00000ed8       0x28 ./source/main.o
                0x00000ed8                vfnHallSensorTimerAssignAndInit
 .text.main     0x00000f00      0x1a8 ./source/main.o
                0x00000f00                main
 .text.vfnInitHallSensor
                0x000010a8       0x54 ./source/sensor_gpio.o
                0x000010a8                vfnInitHallSensor
 .text.wfnReadHallSensorState
                0x000010fc       0x30 ./source/sensor_gpio.o
                0x000010fc                wfnReadHallSensorState
 .text.vfnUTICKinit
                0x0000112c       0x7c ./source/utick_timer.o
                0x0000112c                vfnUTICKinit
 .text.UTICK0_IRQHandler
                0x000011a8       0x24 ./source/utick_timer.o
                0x000011a8                UTICK0_IRQHandler
 .text.bfnUTICKGetStatus
                0x000011cc       0x18 ./source/utick_timer.o
                0x000011cc                bfnUTICKGetStatus
 .text.vfnUTICKClearStatus
                0x000011e4       0x18 ./source/utick_timer.o
                0x000011e4                vfnUTICKClearStatus
 .text.FLEXCOMM_GetInstance
                0x000011fc       0x4c ./drivers/fsl_flexcomm.o
                0x000011fc                FLEXCOMM_GetInstance
 .text.FLEXCOMM0_DriverIRQHandler
                0x00001248       0x5c ./drivers/fsl_flexcomm.o
                0x00001248                FLEXCOMM0_DriverIRQHandler
 .text.FLEXCOMM1_DriverIRQHandler
                0x000012a4       0x5c ./drivers/fsl_flexcomm.o
                0x000012a4                FLEXCOMM1_DriverIRQHandler
 .text.FLEXCOMM2_DriverIRQHandler
                0x00001300       0x5c ./drivers/fsl_flexcomm.o
                0x00001300                FLEXCOMM2_DriverIRQHandler
 .text.FLEXCOMM3_DriverIRQHandler
                0x0000135c       0x5c ./drivers/fsl_flexcomm.o
                0x0000135c                FLEXCOMM3_DriverIRQHandler
 .text.FLEXCOMM4_DriverIRQHandler
                0x000013b8       0x5c ./drivers/fsl_flexcomm.o
                0x000013b8                FLEXCOMM4_DriverIRQHandler
 .text.FLEXCOMM5_DriverIRQHandler
                0x00001414       0x5c ./drivers/fsl_flexcomm.o
                0x00001414                FLEXCOMM5_DriverIRQHandler
 .text.FLEXCOMM6_DriverIRQHandler
                0x00001470       0x5c ./drivers/fsl_flexcomm.o
                0x00001470                FLEXCOMM6_DriverIRQHandler
 .text.FLEXCOMM7_DriverIRQHandler
                0x000014cc       0x5c ./drivers/fsl_flexcomm.o
                0x000014cc                FLEXCOMM7_DriverIRQHandler
 .text.FLEXCOMM8_DriverIRQHandler
                0x00001528       0x5c ./drivers/fsl_flexcomm.o
                0x00001528                FLEXCOMM8_DriverIRQHandler
 .text.SystemInit
                0x00001584       0x64 ./device/system_LPC55S69_cm33_core0.o
                0x00001584                SystemInit
 .text._initio  0x000015e8       0x78 D:/MCUXpressoIDE_24.12.148/ide/plugins/com.nxp.mcuxpresso.tools.win32_24.12.0.202407110909/tools/bin/../lib/gcc/arm-none-eabi/13.2.1/../../../../arm-none-eabi/lib/thumb/v8-m.main+fp/hard\libcr_c.a(initio.o)
                0x000015e8                _initio
 .text._Cwritebuf
                0x00001660       0x6c D:/MCUXpressoIDE_24.12.148/ide/plugins/com.nxp.mcuxpresso.tools.win32_24.12.0.202407110909/tools/bin/../lib/gcc/arm-none-eabi/13.2.1/../../../../arm-none-eabi/lib/thumb/v8-m.main+fp/hard\libcr_c.a(_writebuf.o)
                0x00001660                _Cwritebuf
 .text.fflush   0x000016cc       0x3c D:/MCUXpressoIDE_24.12.148/ide/plugins/com.nxp.mcuxpresso.tools.win32_24.12.0.202407110909/tools/bin/../lib/gcc/arm-none-eabi/13.2.1/../../../../arm-none-eabi/lib/thumb/v8-m.main+fp/hard\libcr_c.a(fflush.o)
                0x000016cc                fflush
 .text.fseek    0x00001708       0xf8 D:/MCUXpressoIDE_24.12.148/ide/plugins/com.nxp.mcuxpresso.tools.win32_24.12.0.202407110909/tools/bin/../lib/gcc/arm-none-eabi/13.2.1/../../../../arm-none-eabi/lib/thumb/v8-m.main+fp/hard\libcr_c.a(fseek.o)
                0x00001708                fseek
 .text.ftell    0x00001800       0x44 D:/MCUXpressoIDE_24.12.148/ide/plugins/com.nxp.mcuxpresso.tools.win32_24.12.0.202407110909/tools/bin/../lib/gcc/arm-none-eabi/13.2.1/../../../../arm-none-eabi/lib/thumb/v8-m.main+fp/hard\libcr_c.a(ftell.o)
                0x00001800                ftell
 .text.fsl_assert_hook
                0x00001844       0x1a ./utilities/fsl_assert.o
                0x00001844                fsl_assert_hook
 .text.DbgConsole_Printf
                0x0000185e       0x2c ./utilities/fsl_debug_console.o
                0x0000185e                DbgConsole_Printf
 .text.DbgConsole_PrintfPaddingCharacter
                0x0000188a       0x40 ./utilities/fsl_debug_console.o
 .text.DbgConsole_ConvertRadixNumToString
                0x000018ca       0xc2 ./utilities/fsl_debug_console.o
 .text.WDT_BOD_IRQHandler
                0x0000198c        0x8 ./startup/startup_lpc55s69_cm33_core0.o
                0x0000198c                WDT_BOD_IRQHandler
 .text.DMA0_IRQHandler
                0x00001994        0x8 ./startup/startup_lpc55s69_cm33_core0.o
                0x00001994                DMA0_IRQHandler
 .text.GINT0_IRQHandler
                0x0000199c        0x8 ./startup/startup_lpc55s69_cm33_core0.o
                0x0000199c                GINT0_IRQHandler
 .text.GINT1_IRQHandler
                0x000019a4        0x8 ./startup/startup_lpc55s69_cm33_core0.o
                0x000019a4                GINT1_IRQHandler
 .text.PIN_INT0_IRQHandler
                0x000019ac        0x8 ./startup/startup_lpc55s69_cm33_core0.o
                0x000019ac                PIN_INT0_IRQHandler
 .text.PIN_INT1_IRQHandler
                0x000019b4        0x8 ./startup/startup_lpc55s69_cm33_core0.o
                0x000019b4                PIN_INT1_IRQHandler
 .text.PIN_INT2_IRQHandler
                0x000019bc        0x8 ./startup/startup_lpc55s69_cm33_core0.o
                0x000019bc                PIN_INT2_IRQHandler
 .text.PIN_INT3_IRQHandler
                0x000019c4        0x8 ./startup/startup_lpc55s69_cm33_core0.o
                0x000019c4                PIN_INT3_IRQHandler
 .text.MRT0_IRQHandler
                0x000019cc        0x8 ./startup/startup_lpc55s69_cm33_core0.o
                0x000019cc                MRT0_IRQHandler
 .text.CTIMER0_IRQHandler
                0x000019d4        0x8 ./startup/startup_lpc55s69_cm33_core0.o
                0x000019d4                CTIMER0_IRQHandler
 .text.CTIMER1_IRQHandler
                0x000019dc        0x8 ./startup/startup_lpc55s69_cm33_core0.o
                0x000019dc                CTIMER1_IRQHandler
 .text.SCT0_IRQHandler
                0x000019e4        0x8 ./startup/startup_lpc55s69_cm33_core0.o
                0x000019e4                SCT0_IRQHandler
 .text.CTIMER3_IRQHandler
                0x000019ec        0x8 ./startup/startup_lpc55s69_cm33_core0.o
                0x000019ec                CTIMER3_IRQHandler
 .text.FLEXCOMM0_IRQHandler
                0x000019f4        0x8 ./startup/startup_lpc55s69_cm33_core0.o
                0x000019f4                FLEXCOMM0_IRQHandler
 .text.FLEXCOMM1_IRQHandler
                0x000019fc        0x8 ./startup/startup_lpc55s69_cm33_core0.o
                0x000019fc                FLEXCOMM1_IRQHandler
 .text.FLEXCOMM2_IRQHandler
                0x00001a04        0x8 ./startup/startup_lpc55s69_cm33_core0.o
                0x00001a04                FLEXCOMM2_IRQHandler
 .text.FLEXCOMM3_IRQHandler
                0x00001a0c        0x8 ./startup/startup_lpc55s69_cm33_core0.o
                0x00001a0c                FLEXCOMM3_IRQHandler
 .text.FLEXCOMM4_IRQHandler
                0x00001a14        0x8 ./startup/startup_lpc55s69_cm33_core0.o
                0x00001a14                FLEXCOMM4_IRQHandler
 .text.FLEXCOMM5_IRQHandler
                0x00001a1c        0x8 ./startup/startup_lpc55s69_cm33_core0.o
                0x00001a1c                FLEXCOMM5_IRQHandler
 .text.FLEXCOMM6_IRQHandler
                0x00001a24        0x8 ./startup/startup_lpc55s69_cm33_core0.o
                0x00001a24                FLEXCOMM6_IRQHandler
 .text.FLEXCOMM7_IRQHandler
                0x00001a2c        0x8 ./startup/startup_lpc55s69_cm33_core0.o
                0x00001a2c                FLEXCOMM7_IRQHandler
 .text.ADC0_IRQHandler
                0x00001a34        0x8 ./startup/startup_lpc55s69_cm33_core0.o
                0x00001a34                ADC0_IRQHandler
 .text.Reserved39_IRQHandler
                0x00001a3c        0x8 ./startup/startup_lpc55s69_cm33_core0.o
                0x00001a3c                Reserved39_IRQHandler
 .text.ACMP_IRQHandler
                0x00001a44        0x8 ./startup/startup_lpc55s69_cm33_core0.o
                0x00001a44                ACMP_IRQHandler
 .text.Reserved41_IRQHandler
                0x00001a4c        0x8 ./startup/startup_lpc55s69_cm33_core0.o
                0x00001a4c                Reserved41_IRQHandler
 .text.Reserved42_IRQHandler
                0x00001a54        0x8 ./startup/startup_lpc55s69_cm33_core0.o
                0x00001a54                Reserved42_IRQHandler
 .text.USB0_NEEDCLK_IRQHandler
                0x00001a5c        0x8 ./startup/startup_lpc55s69_cm33_core0.o
                0x00001a5c                USB0_NEEDCLK_IRQHandler
 .text.USB0_IRQHandler
                0x00001a64        0x8 ./startup/startup_lpc55s69_cm33_core0.o
                0x00001a64                USB0_IRQHandler
 .text.RTC_IRQHandler
                0x00001a6c        0x8 ./startup/startup_lpc55s69_cm33_core0.o
                0x00001a6c                RTC_IRQHandler
 .text.Reserved46_IRQHandler
                0x00001a74        0x8 ./startup/startup_lpc55s69_cm33_core0.o
                0x00001a74                Reserved46_IRQHandler
 .text.MAILBOX_IRQHandler
                0x00001a7c        0x8 ./startup/startup_lpc55s69_cm33_core0.o
                0x00001a7c                MAILBOX_IRQHandler
 .text.PIN_INT4_IRQHandler
                0x00001a84        0x8 ./startup/startup_lpc55s69_cm33_core0.o
                0x00001a84                PIN_INT4_IRQHandler
 .text.PIN_INT5_IRQHandler
                0x00001a8c        0x8 ./startup/startup_lpc55s69_cm33_core0.o
                0x00001a8c                PIN_INT5_IRQHandler
 .text.PIN_INT6_IRQHandler
                0x00001a94        0x8 ./startup/startup_lpc55s69_cm33_core0.o
                0x00001a94                PIN_INT6_IRQHandler
 .text.PIN_INT7_IRQHandler
                0x00001a9c        0x8 ./startup/startup_lpc55s69_cm33_core0.o
                0x00001a9c                PIN_INT7_IRQHandler
 .text.CTIMER2_IRQHandler
                0x00001aa4        0x8 ./startup/startup_lpc55s69_cm33_core0.o
                0x00001aa4                CTIMER2_IRQHandler
 .text.CTIMER4_IRQHandler
                0x00001aac        0x8 ./startup/startup_lpc55s69_cm33_core0.o
                0x00001aac                CTIMER4_IRQHandler
 .text.OS_EVENT_IRQHandler
                0x00001ab4        0x8 ./startup/startup_lpc55s69_cm33_core0.o
                0x00001ab4                OS_EVENT_IRQHandler
 .text.Reserved55_IRQHandler
                0x00001abc        0x8 ./startup/startup_lpc55s69_cm33_core0.o
                0x00001abc                Reserved55_IRQHandler
 .text.Reserved56_IRQHandler
                0x00001ac4        0x8 ./startup/startup_lpc55s69_cm33_core0.o
                0x00001ac4                Reserved56_IRQHandler
 .text.Reserved57_IRQHandler
                0x00001acc        0x8 ./startup/startup_lpc55s69_cm33_core0.o
                0x00001acc                Reserved57_IRQHandler
 .text.SDIO_IRQHandler
                0x00001ad4        0x8 ./startup/startup_lpc55s69_cm33_core0.o
                0x00001ad4                SDIO_IRQHandler
 .text.Reserved59_IRQHandler
                0x00001adc        0x8 ./startup/startup_lpc55s69_cm33_core0.o
                0x00001adc                Reserved59_IRQHandler
 .text.Reserved60_IRQHandler
                0x00001ae4        0x8 ./startup/startup_lpc55s69_cm33_core0.o
                0x00001ae4                Reserved60_IRQHandler
 .text.Reserved61_IRQHandler
                0x00001aec        0x8 ./startup/startup_lpc55s69_cm33_core0.o
                0x00001aec                Reserved61_IRQHandler
 .text.USB1_PHY_IRQHandler
                0x00001af4        0x8 ./startup/startup_lpc55s69_cm33_core0.o
                0x00001af4                USB1_PHY_IRQHandler
 .text.USB1_IRQHandler
                0x00001afc        0x8 ./startup/startup_lpc55s69_cm33_core0.o
                0x00001afc                USB1_IRQHandler
 .text.USB1_NEEDCLK_IRQHandler
                0x00001b04        0x8 ./startup/startup_lpc55s69_cm33_core0.o
                0x00001b04                USB1_NEEDCLK_IRQHandler
 .text.SEC_HYPERVISOR_CALL_IRQHandler
                0x00001b0c        0x8 ./startup/startup_lpc55s69_cm33_core0.o
                0x00001b0c                SEC_HYPERVISOR_CALL_IRQHandler
 .text.SEC_GPIO_INT0_IRQ0_IRQHandler
                0x00001b14        0x8 ./startup/startup_lpc55s69_cm33_core0.o
                0x00001b14                SEC_GPIO_INT0_IRQ0_IRQHandler
 .text.SEC_GPIO_INT0_IRQ1_IRQHandler
                0x00001b1c        0x8 ./startup/startup_lpc55s69_cm33_core0.o
                0x00001b1c                SEC_GPIO_INT0_IRQ1_IRQHandler
 .text.PLU_IRQHandler
                0x00001b24        0x8 ./startup/startup_lpc55s69_cm33_core0.o
                0x00001b24                PLU_IRQHandler
 .text.SEC_VIO_IRQHandler
                0x00001b2c        0x8 ./startup/startup_lpc55s69_cm33_core0.o
                0x00001b2c                SEC_VIO_IRQHandler
 .text.HASHCRYPT_IRQHandler
                0x00001b34        0x8 ./startup/startup_lpc55s69_cm33_core0.o
                0x00001b34                HASHCRYPT_IRQHandler
 .text.CASER_IRQHandler
                0x00001b3c        0x8 ./startup/startup_lpc55s69_cm33_core0.o
                0x00001b3c                CASER_IRQHandler
 .text.PUF_IRQHandler
                0x00001b44        0x8 ./startup/startup_lpc55s69_cm33_core0.o
                0x00001b44                PUF_IRQHandler
 .text.PQ_IRQHandler
                0x00001b4c        0x8 ./startup/startup_lpc55s69_cm33_core0.o
                0x00001b4c                PQ_IRQHandler
 .text.DMA1_IRQHandler
                0x00001b54        0x8 ./startup/startup_lpc55s69_cm33_core0.o
                0x00001b54                DMA1_IRQHandler
 .text.FLEXCOMM8_IRQHandler
                0x00001b5c        0x8 ./startup/startup_lpc55s69_cm33_core0.o
                0x00001b5c                FLEXCOMM8_IRQHandler
 .text.vfnSwTimer_InitHwTimer
                0x00001b64        0xc ./source/SwTimers.o
 .text.bfnSwTimer_GetHwTimerStatus
                0x00001b70       0x22 ./source/SwTimers.o
 .text.HardFault_Handler
                0x00001b92       0x36 ./source/semihost_hardfault.o
                0x00001b92                HardFault_Handler
 .text.SystemInitHook
                0x00001bc8        0xe ./device/system_LPC55S69_cm33_core0.o
                0x00001bc8                SystemInitHook
 .text.__main   0x00001bd6        0xe D:/MCUXpressoIDE_24.12.148/ide/plugins/com.nxp.mcuxpresso.tools.win32_24.12.0.202407110909/tools/bin/../lib/gcc/arm-none-eabi/13.2.1/../../../../arm-none-eabi/lib/thumb/v8-m.main+fp/hard\libcr_nohost_nf.a(_cr__main.o)
                0x00001bd6                __main
 .text.memset   0x00001be4        0x4 D:/MCUXpressoIDE_24.12.148/ide/plugins/com.nxp.mcuxpresso.tools.win32_24.12.0.202407110909/tools/bin/../lib/gcc/arm-none-eabi/13.2.1/../../../../arm-none-eabi/lib/thumb/v8-m.main+fp/hard\libcr_c.a(memset.o)
                0x00001be4                memset
 .text.free     0x00001be8       0x30 D:/MCUXpressoIDE_24.12.148/ide/plugins/com.nxp.mcuxpresso.tools.win32_24.12.0.202407110909/tools/bin/../lib/gcc/arm-none-eabi/13.2.1/../../../../arm-none-eabi/lib/thumb/v8-m.main+fp/hard\libcr_c.a(alloc.o)
                0x00001be8                free
 .text.setvbuf  0x00001c18       0x3e D:/MCUXpressoIDE_24.12.148/ide/plugins/com.nxp.mcuxpresso.tools.win32_24.12.0.202407110909/tools/bin/../lib/gcc/arm-none-eabi/13.2.1/../../../../arm-none-eabi/lib/thumb/v8-m.main+fp/hard\libcr_c.a(setvbuf.o)
                0x00001c18                setvbuf
 .text.strlen   0x00001c56       0x4e D:/MCUXpressoIDE_24.12.148/ide/plugins/com.nxp.mcuxpresso.tools.win32_24.12.0.202407110909/tools/bin/../lib/gcc/arm-none-eabi/13.2.1/../../../../arm-none-eabi/lib/thumb/v8-m.main+fp/hard\libcr_c.a(strlen.o)
                0x00001c56                strlen
 .text._deferredlazyseek
                0x00001ca4       0x40 D:/MCUXpressoIDE_24.12.148/ide/plugins/com.nxp.mcuxpresso.tools.win32_24.12.0.202407110909/tools/bin/../lib/gcc/arm-none-eabi/13.2.1/../../../../arm-none-eabi/lib/thumb/v8-m.main+fp/hard\libcr_c.a(_deferredlazyseek.o)
                0x00001ca4                _deferredlazyseek
 .text._fdopen  0x00001ce4       0x68 D:/MCUXpressoIDE_24.12.148/ide/plugins/com.nxp.mcuxpresso.tools.win32_24.12.0.202407110909/tools/bin/../lib/gcc/arm-none-eabi/13.2.1/../../../../arm-none-eabi/lib/thumb/v8-m.main+fp/hard\libcr_c.a(_fdopen.o)
                0x00001ce4                _fdopen
 .text._fflush  0x00001d4c       0x52 D:/MCUXpressoIDE_24.12.148/ide/plugins/com.nxp.mcuxpresso.tools.win32_24.12.0.202407110909/tools/bin/../lib/gcc/arm-none-eabi/13.2.1/../../../../arm-none-eabi/lib/thumb/v8-m.main+fp/hard\libcr_c.a(_fflush.o)
                0x00001d4c                _fflush
 .text.fclose   0x00001d9e       0x58 D:/MCUXpressoIDE_24.12.148/ide/plugins/com.nxp.mcuxpresso.tools.win32_24.12.0.202407110909/tools/bin/../lib/gcc/arm-none-eabi/13.2.1/../../../../arm-none-eabi/lib/thumb/v8-m.main+fp/hard\libcr_c.a(fclose.o)
                0x00001d9e                fclose
 .text.remove   0x00001df6       0x14 D:/MCUXpressoIDE_24.12.148/ide/plugins/com.nxp.mcuxpresso.tools.win32_24.12.0.202407110909/tools/bin/../lib/gcc/arm-none-eabi/13.2.1/../../../../arm-none-eabi/lib/thumb/v8-m.main+fp/hard\libcr_c.a(remove.o)
                0x00001df6                remove
 .text._do_fflush
                0x00001e0a       0x40 D:/MCUXpressoIDE_24.12.148/ide/plugins/com.nxp.mcuxpresso.tools.win32_24.12.0.202407110909/tools/bin/../lib/gcc/arm-none-eabi/13.2.1/../../../../arm-none-eabi/lib/thumb/v8-m.main+fp/hard\libcr_c.a(_do_fflush.o)
                0x00001e0a                _do_fflush
 .text.__aeabi_memset_lowlevel
                0x00001e4a       0x32 D:/MCUXpressoIDE_24.12.148/ide/plugins/com.nxp.mcuxpresso.tools.win32_24.12.0.202407110909/tools/bin/../lib/gcc/arm-none-eabi/13.2.1/thumb/v8-m.main+fp/hard\libcr_eabihelpers.a(memcpy.o)
                0x00001e4a                __aeabi_lowlevel_memset
 .text.__sys_close
                0x00001e7c        0x6 D:/MCUXpressoIDE_24.12.148/ide/plugins/com.nxp.mcuxpresso.tools.win32_24.12.0.202407110909/tools/bin/../lib/gcc/arm-none-eabi/13.2.1/../../../../arm-none-eabi/lib/thumb/v8-m.main+fp/hard\libcr_nohost_nf.a(__sys_close.o)
                0x00001e7c                __sys_close
 .text.__sys_flen
                0x00001e82        0x6 D:/MCUXpressoIDE_24.12.148/ide/plugins/com.nxp.mcuxpresso.tools.win32_24.12.0.202407110909/tools/bin/../lib/gcc/arm-none-eabi/13.2.1/../../../../arm-none-eabi/lib/thumb/v8-m.main+fp/hard\libcr_nohost_nf.a(__sys_flen.o)
                0x00001e82                __sys_flen
 .text.__sys_istty
                0x00001e88        0x6 D:/MCUXpressoIDE_24.12.148/ide/plugins/com.nxp.mcuxpresso.tools.win32_24.12.0.202407110909/tools/bin/../lib/gcc/arm-none-eabi/13.2.1/../../../../arm-none-eabi/lib/thumb/v8-m.main+fp/hard\libcr_nohost_nf.a(__sys_istty.o)
                0x00001e88                __sys_istty
 .text.__sys_remove
                0x00001e8e        0x6 D:/MCUXpressoIDE_24.12.148/ide/plugins/com.nxp.mcuxpresso.tools.win32_24.12.0.202407110909/tools/bin/../lib/gcc/arm-none-eabi/13.2.1/../../../../arm-none-eabi/lib/thumb/v8-m.main+fp/hard\libcr_nohost_nf.a(__sys_remove.o)
                0x00001e8e                __sys_remove
 .text.__sys_seek
                0x00001e94        0x6 D:/MCUXpressoIDE_24.12.148/ide/plugins/com.nxp.mcuxpresso.tools.win32_24.12.0.202407110909/tools/bin/../lib/gcc/arm-none-eabi/13.2.1/../../../../arm-none-eabi/lib/thumb/v8-m.main+fp/hard\libcr_nohost_nf.a(__sys_seek.o)
                0x00001e94                __sys_seek
 .text.__sys_tmpnam
                0x00001e9a        0x6 D:/MCUXpressoIDE_24.12.148/ide/plugins/com.nxp.mcuxpresso.tools.win32_24.12.0.202407110909/tools/bin/../lib/gcc/arm-none-eabi/13.2.1/../../../../arm-none-eabi/lib/thumb/v8-m.main+fp/hard\libcr_nohost_nf.a(__sys_tmpnam.o)
                0x00001e9a                __sys_tmpnam
 .text.__sys_write
                0x00001ea0        0x4 D:/MCUXpressoIDE_24.12.148/ide/plugins/com.nxp.mcuxpresso.tools.win32_24.12.0.202407110909/tools/bin/../lib/gcc/arm-none-eabi/13.2.1/../../../../arm-none-eabi/lib/thumb/v8-m.main+fp/hard\libcr_nohost_nf.a(__sys_write.o)
                0x00001ea0                __sys_write
 *(SORT_BY_ALIGNMENT(.rodata) SORT_BY_ALIGNMENT(.rodata.*) SORT_BY_ALIGNMENT(.constdata) SORT_BY_ALIGNMENT(.constdata.*))
 .rodata.__assertion_failed.str1.4
                0x00001ea4      0x274 ./utilities/fsl_assert.o
                                 0x14 (size before relaxing)
 .rodata.bDisplayDriver
                0x00002118       0x10 ./source/gpio4Displays.o
 .rodata.bBCD7Segs
                0x00002128        0xa ./source/gpio4Displays.o
 *fill*         0x00002132        0x2 ff
 .rodata.s_flexcommBaseAddrs
                0x00002134       0x24 ./drivers/fsl_flexcomm.o
 .rodata.FLEXCOMM_GetInstance.str1.4
                0x00002158       0x41 ./drivers/fsl_flexcomm.o
 .rodata.FLEXCOMM0_DriverIRQHandler.str1.4
                0x00002158       0x3c ./drivers/fsl_flexcomm.o
 .rodata.FLEXCOMM1_DriverIRQHandler.str1.4
                0x00002158       0x3c ./drivers/fsl_flexcomm.o
 .rodata.FLEXCOMM2_DriverIRQHandler.str1.4
                0x00002158       0x3c ./drivers/fsl_flexcomm.o
 .rodata.FLEXCOMM3_DriverIRQHandler.str1.4
                0x00002158       0x3c ./drivers/fsl_flexcomm.o
 .rodata.FLEXCOMM4_DriverIRQHandler.str1.4
                0x00002158       0x3c ./drivers/fsl_flexcomm.o
 .rodata.FLEXCOMM5_DriverIRQHandler.str1.4
                0x00002158       0x3c ./drivers/fsl_flexcomm.o
 .rodata.FLEXCOMM6_DriverIRQHandler.str1.4
                0x00002158       0x3c ./drivers/fsl_flexcomm.o
 .rodata.FLEXCOMM7_DriverIRQHandler.str1.4
                0x00002158       0x3c ./drivers/fsl_flexcomm.o
 .rodata.FLEXCOMM8_DriverIRQHandler.str1.4
                0x00002158       0x3c ./drivers/fsl_flexcomm.o
 .rodata.__num_Ciob_streams
                0x00002158        0x4 D:/MCUXpressoIDE_24.12.148/ide/plugins/com.nxp.mcuxpresso.tools.win32_24.12.0.202407110909/tools/bin/../lib/gcc/arm-none-eabi/13.2.1/../../../../arm-none-eabi/lib/thumb/v8-m.main+fp/hard\libcr_nohost_nf.a(__ciob.o)
                0x00002158                __num_Ciob_streams
 .rodata._initio.str1.1
                0x0000215c        0x4 D:/MCUXpressoIDE_24.12.148/ide/plugins/com.nxp.mcuxpresso.tools.win32_24.12.0.202407110909/tools/bin/../lib/gcc/arm-none-eabi/13.2.1/../../../../arm-none-eabi/lib/thumb/v8-m.main+fp/hard\libcr_c.a(initio.o)
                0x0000219c                        . = ALIGN (0x4)

.glue_7         0x00002160        0x0
 .glue_7        0x00002160        0x0 linker stubs

.glue_7t        0x00002160        0x0
 .glue_7t       0x00002160        0x0 linker stubs

.vfp11_veneer   0x00002160        0x0
 .vfp11_veneer  0x00002160        0x0 linker stubs

.v4_bx          0x00002160        0x0
 .v4_bx         0x00002160        0x0 linker stubs

.iplt           0x00002160        0x0
 .iplt          0x00002160        0x0 ./utilities/fsl_assert.o

.rel.dyn        0x00002160        0x0
 .rel.iplt      0x00002160        0x0 ./utilities/fsl_assert.o

.ARM.extab
 *(SORT_BY_ALIGNMENT(.ARM.extab*) SORT_BY_ALIGNMENT(.gnu.linkonce.armextab.*))

.ARM.exidx      0x00002160        0x0
                0x00002160                        __exidx_start = .
 *(SORT_BY_ALIGNMENT(.ARM.exidx*) SORT_BY_ALIGNMENT(.gnu.linkonce.armexidx.*))
                0x00002160                        __exidx_end = .
                0x00002160                        _etext = .

.m_usb_data
 *(SORT_BY_ALIGNMENT(m_usb_global))

.data_RAM2      0x04000000        0x0 load address 0x00002160
 FILL mask 0xff
                [!provide]                        PROVIDE (__start_data_RAM2 = .)
                [!provide]                        PROVIDE (__start_data_SRAMX = .)
 *(SORT_BY_ALIGNMENT(.ramfunc.$RAM2))
 *(SORT_BY_ALIGNMENT(.ramfunc.$SRAMX))
 *(SORT_BY_ALIGNMENT(.data.$RAM2))
 *(SORT_BY_ALIGNMENT(.data.$SRAMX))
 *(SORT_BY_ALIGNMENT(.data.$RAM2.*))
 *(SORT_BY_ALIGNMENT(.data.$SRAMX.*))
                0x04000000                        . = ALIGN (0x4)
                [!provide]                        PROVIDE (__end_data_RAM2 = .)
                [!provide]                        PROVIDE (__end_data_SRAMX = .)

.data_RAM3      0x40100000        0x0 load address 0x00002160
 FILL mask 0xff
                [!provide]                        PROVIDE (__start_data_RAM3 = .)
                [!provide]                        PROVIDE (__start_data_USB_RAM = .)
 *(SORT_BY_ALIGNMENT(.ramfunc.$RAM3))
 *(SORT_BY_ALIGNMENT(.ramfunc.$USB_RAM))
 *(SORT_BY_ALIGNMENT(.data.$RAM3))
 *(SORT_BY_ALIGNMENT(.data.$USB_RAM))
 *(SORT_BY_ALIGNMENT(.data.$RAM3.*))
 *(SORT_BY_ALIGNMENT(.data.$USB_RAM.*))
                0x40100000                        . = ALIGN (0x4)
                [!provide]                        PROVIDE (__end_data_RAM3 = .)
                [!provide]                        PROVIDE (__end_data_USB_RAM = .)

.data_RAM4      0x20040000        0x0 load address 0x00002160
 FILL mask 0xff
                [!provide]                        PROVIDE (__start_data_RAM4 = .)
                [!provide]                        PROVIDE (__start_data_SRAM4 = .)
 *(SORT_BY_ALIGNMENT(.ramfunc.$RAM4))
 *(SORT_BY_ALIGNMENT(.ramfunc.$SRAM4))
 *(SORT_BY_ALIGNMENT(.data.$RAM4))
 *(SORT_BY_ALIGNMENT(.data.$SRAM4))
 *(SORT_BY_ALIGNMENT(.data.$RAM4.*))
 *(SORT_BY_ALIGNMENT(.data.$SRAM4.*))
                0x20040000                        . = ALIGN (0x4)
                [!provide]                        PROVIDE (__end_data_RAM4 = .)
                [!provide]                        PROVIDE (__end_data_SRAM4 = .)

.uninit_RESERVED
                0x20000000        0x0
                0x20000000                        _start_uninit_RESERVED = .
 *(SORT_BY_ALIGNMENT(.bss.$RESERVED*))
                0x20000000                        . = ALIGN (0x4)
                0x20000000                        _end_uninit_RESERVED = .

.data           0x20000000       0x2c load address 0x00002160
 FILL mask 0xff
                0x20000000                        _data = .
                [!provide]                        PROVIDE (__start_data_RAM = .)
                [!provide]                        PROVIDE (__start_data_SRAM = .)
 *(SORT_BY_ALIGNMENT(vtable))
 *(SORT_BY_ALIGNMENT(.ramfunc*))
 *(SORT_BY_ALIGNMENT(CodeQuickAccess))
 *(SORT_BY_ALIGNMENT(DataQuickAccess))
 *(SORT_BY_ALIGNMENT(RamFunction))
 *(SORT_BY_ALIGNMENT(.data*))
 .data.rgGpio1  0x20000000        0x4 ./source/btn_debounce.o
 .data.rCTimer2
                0x20000004        0x4 ./source/ctimer_driver.o
                0x20000004                rCTimer2
 .data.rgGpio1  0x20000008        0x4 ./source/gpio4Displays.o
 .data.dutyArray
                0x2000000c        0x8 ./source/main.o
                0x2000000c                dutyArray
 .data.rGpio    0x20000014        0x4 ./source/sensor_gpio.o
 .data.rSyscon  0x20000018        0x4 ./source/utick_timer.o
                0x20000018                rSyscon
 .data.rInterrupt
                0x2000001c        0x4 ./source/utick_timer.o
                0x2000001c                rInterrupt
 .data.rUtick   0x20000020        0x4 ./source/utick_timer.o
                0x20000020                rUtick
 .data.gbLastState
                0x20000024        0x2 ./source/btn_debounce.o
 .data.gCurrentState
                0x20000026        0x2 ./source/btn_debounce.o
 .data.gCurrentState
                0x20000028        0x2 ./source/main.o
                0x20000028                gCurrentState
 .data.gLastState
                0x2000002a        0x2 ./source/main.o
                0x2000002a                gLastState
                0x2000002c                        . = ALIGN (0x4)
                0x2000002c                        _edata = .
                [!provide]                        PROVIDE (__end_data_RAM = .)
                [!provide]                        PROVIDE (__end_data_SRAM = .)

.igot.plt       0x2000002c        0x0 load address 0x0000218c
 .igot.plt      0x2000002c        0x0 ./utilities/fsl_assert.o

.bss_RAM2       0x04000000        0x0
                [!provide]                        PROVIDE (__start_bss_RAM2 = .)
                [!provide]                        PROVIDE (__start_bss_SRAMX = .)
 *(SORT_BY_ALIGNMENT(.bss.$RAM2))
 *(SORT_BY_ALIGNMENT(.bss.$SRAMX))
 *(SORT_BY_ALIGNMENT(.bss.$RAM2.*))
 *(SORT_BY_ALIGNMENT(.bss.$SRAMX.*))
                0x04000000                        . = ALIGN ((. != 0x0)?0x4:0x1)
                [!provide]                        PROVIDE (__end_bss_RAM2 = .)
                [!provide]                        PROVIDE (__end_bss_SRAMX = .)

.bss_RAM3       0x40100000        0x0
                [!provide]                        PROVIDE (__start_bss_RAM3 = .)
                [!provide]                        PROVIDE (__start_bss_USB_RAM = .)
 *(SORT_BY_ALIGNMENT(.bss.$RAM3))
 *(SORT_BY_ALIGNMENT(.bss.$USB_RAM))
 *(SORT_BY_ALIGNMENT(.bss.$RAM3.*))
 *(SORT_BY_ALIGNMENT(.bss.$USB_RAM.*))
                0x40100000                        . = ALIGN ((. != 0x0)?0x4:0x1)
                [!provide]                        PROVIDE (__end_bss_RAM3 = .)
                [!provide]                        PROVIDE (__end_bss_USB_RAM = .)

.bss_RAM4       0x20040000        0x0
                [!provide]                        PROVIDE (__start_bss_RAM4 = .)
                [!provide]                        PROVIDE (__start_bss_SRAM4 = .)
 *(SORT_BY_ALIGNMENT(.bss.$RAM4))
 *(SORT_BY_ALIGNMENT(.bss.$SRAM4))
 *(SORT_BY_ALIGNMENT(.bss.$RAM4.*))
 *(SORT_BY_ALIGNMENT(.bss.$SRAM4.*))
                0x20040000                        . = ALIGN ((. != 0x0)?0x4:0x1)
                [!provide]                        PROVIDE (__end_bss_RAM4 = .)
                [!provide]                        PROVIDE (__end_bss_SRAM4 = .)

.bss            0x2000002c      0x144
                0x2000002c                        _bss = .
                [!provide]                        PROVIDE (__start_bss_RAM = .)
                [!provide]                        PROVIDE (__start_bss_SRAM = .)
 *(SORT_BY_ALIGNMENT(.bss*))
 .bss.s_debugConsole
                0x2000002c       0x14 ./utilities/fsl_debug_console.o
 .bss.gwCounters
                0x20000040       0x10 ./source/SwTimers.o
 .bss.g_pwmPeriod
                0x20000050        0x4 ./source/ctimer_driver.o
                0x20000050                g_pwmPeriod
 .bss.g_pulsePeriod
                0x20000054        0x4 ./source/ctimer_driver.o
                0x20000054                g_pulsePeriod
 .bss.gbaDisplayData
                0x20000058        0x4 ./source/gpio4Displays.o
                0x20000058                gbaDisplayData
 .bss.g_pulses_in_period
                0x2000005c        0x4 ./source/main.o
                0x2000005c                g_pulses_in_period
 .bss.g_rpm     0x20000060        0x4 ./source/main.o
                0x20000060                g_rpm
 .bss.s_flexcommIrqHandler
                0x20000064       0x24 ./drivers/fsl_flexcomm.o
 .bss.s_flexcommHandle
                0x20000088       0x24 ./drivers/fsl_flexcomm.o
 .bss.errno     0x200000ac        0x4 D:/MCUXpressoIDE_24.12.148/ide/plugins/com.nxp.mcuxpresso.tools.win32_24.12.0.202407110909/tools/bin/../lib/gcc/arm-none-eabi/13.2.1/../../../../arm-none-eabi/lib/thumb/v8-m.main+fp/hard\libcr_c.a(errno.o)
                0x200000ac                errno
 .bss.__Ciob    0x200000b0       0xb4 D:/MCUXpressoIDE_24.12.148/ide/plugins/com.nxp.mcuxpresso.tools.win32_24.12.0.202407110909/tools/bin/../lib/gcc/arm-none-eabi/13.2.1/../../../../arm-none-eabi/lib/thumb/v8-m.main+fp/hard\libcr_nohost_nf.a(__ciob.o)
                0x200000b0                __Ciob
 .bss.gbTimersEnabled
                0x20000164        0x1 ./source/SwTimers.o
 .bss.gbTimersAllocated
                0x20000165        0x1 ./source/SwTimers.o
 .bss.gCountBtn0
                0x20000166        0x1 ./source/btn_debounce.o
                0x20000166                gCountBtn0
 .bss.gCountBtn1
                0x20000167        0x1 ./source/btn_debounce.o
                0x20000167                gCountBtn1
 .bss.bDisplayIdx
                0x20000168        0x1 ./source/gpio4Displays.o
 .bss.bPrev_sensor_state
                0x20000169        0x1 ./source/main.o
                0x20000169                bPrev_sensor_state
 .bss.gbHallSensorTimerID
                0x2000016a        0x1 ./source/main.o
 .bss.gbRpmTimerID
                0x2000016b        0x1 ./source/main.o
 .bss.currentSpeedIndex
                0x2000016c        0x1 ./source/main.o
                0x2000016c                currentSpeedIndex
 .bss.bBotonFlag
                0x2000016d        0x1 ./source/main.o
                0x2000016d                bBotonFlag
 .bss.gbUTICKStatus
                0x2000016e        0x1 ./source/utick_timer.o
 *(SORT_BY_ALIGNMENT(COMMON))
                0x20000170                        . = ALIGN (0x4)
 *fill*         0x2000016f        0x1 
                0x20000170                        _ebss = .
                [!provide]                        PROVIDE (__end_bss_RAM = .)
                [!provide]                        PROVIDE (__end_bss_SRAM = .)
                [!provide]                        PROVIDE (end = .)

.noinit_RAM2    0x04000000        0x0
                [!provide]                        PROVIDE (__start_noinit_RAM2 = .)
                [!provide]                        PROVIDE (__start_noinit_SRAMX = .)
 *(SORT_BY_ALIGNMENT(.noinit.$RAM2))
 *(SORT_BY_ALIGNMENT(.noinit.$SRAMX))
 *(SORT_BY_ALIGNMENT(.noinit.$RAM2.*))
 *(SORT_BY_ALIGNMENT(.noinit.$SRAMX.*))
                0x04000000                        . = ALIGN (0x4)
                [!provide]                        PROVIDE (__end_noinit_RAM2 = .)
                [!provide]                        PROVIDE (__end_noinit_SRAMX = .)

.noinit_RAM3    0x40100000        0x0
                [!provide]                        PROVIDE (__start_noinit_RAM3 = .)
                [!provide]                        PROVIDE (__start_noinit_USB_RAM = .)
 *(SORT_BY_ALIGNMENT(.noinit.$RAM3))
 *(SORT_BY_ALIGNMENT(.noinit.$USB_RAM))
 *(SORT_BY_ALIGNMENT(.noinit.$RAM3.*))
 *(SORT_BY_ALIGNMENT(.noinit.$USB_RAM.*))
                0x40100000                        . = ALIGN (0x4)
                [!provide]                        PROVIDE (__end_noinit_RAM3 = .)
                [!provide]                        PROVIDE (__end_noinit_USB_RAM = .)

.noinit_RAM4    0x20040000        0x0
                [!provide]                        PROVIDE (__start_noinit_RAM4 = .)
                [!provide]                        PROVIDE (__start_noinit_SRAM4 = .)
 *(SORT_BY_ALIGNMENT(.noinit.$RAM4))
 *(SORT_BY_ALIGNMENT(.noinit.$SRAM4))
 *(SORT_BY_ALIGNMENT(.noinit.$RAM4.*))
 *(SORT_BY_ALIGNMENT(.noinit.$SRAM4.*))
                0x20040000                        . = ALIGN (0x4)
                [!provide]                        PROVIDE (__end_noinit_RAM4 = .)
                [!provide]                        PROVIDE (__end_noinit_SRAM4 = .)

.noinit         0x20000170        0x0
                0x20000170                        _noinit = .
                [!provide]                        PROVIDE (__start_noinit_RAM = .)
                [!provide]                        PROVIDE (__start_noinit_SRAM = .)
 *(SORT_BY_ALIGNMENT(.noinit*))
                0x20000170                        . = ALIGN (0x4)
                0x20000170                        _end_noinit = .
                [!provide]                        PROVIDE (__end_noinit_RAM = .)
                [!provide]                        PROVIDE (__end_noinit_SRAM = .)
                0x00001000                        _HeapSize = 0x1000

.heap           0x20000170     0x1000
                0x20000170                        _pvHeapStart = .
                0x20001170                        . = (. + _HeapSize)
 *fill*         0x20000170     0x1000 
                0x20001170                        . = ALIGN (0x4)
                0x20001170                        _pvHeapLimit = .
                0x00001000                        _StackSize = 0x1000

.heap2stackfill
                0x20001170     0x1000
                0x20002170                        . = (. + _StackSize)
 *fill*         0x20001170     0x1000 

.stack          0x2003f000        0x0
                0x2003f000                        _vStackBase = .
                0x2003f000                        . = ALIGN (0x4)
                0x20040000                        _vStackTop = (. + _StackSize)
                [!provide]                        PROVIDE (__valid_user_code_checksum = (0x0 - ((((((_vStackTop + (ResetISR + 0x1)) + (NMI_Handler + 0x1)) + (HardFault_Handler + 0x1)) + (DEFINED (MemManage_Handler)?MemManage_Handler:0x0 + 0x1)) + (DEFINED (BusFault_Handler)?BusFault_Handler:0x0 + 0x1)) + (DEFINED (UsageFault_Handler)?UsageFault_Handler:0x0 + 0x1))))
                0x00000000                        _image_start = LOADADDR (.text)
                0x0000218c                        _image_end = (LOADADDR (.data) + SIZEOF (.data))
                0x0000218c                        _image_size = (_image_end - _image_start)
OUTPUT(Practica5_GVC_KVTR.axf elf32-littlearm)
LOAD linker stubs

.debug_info     0x00000000     0xd566
 .debug_info    0x00000000      0x12e ./utilities/fsl_assert.o
 .debug_info    0x0000012e      0xd20 ./utilities/fsl_debug_console.o
 .debug_info    0x00000e4e       0x24 ./utilities/fsl_memcpy.o
 .debug_info    0x00000e72      0x9d0 ./startup/startup_lpc55s69_cm33_core0.o
 .debug_info    0x00001842      0x557 ./source/SwTimers.o
 .debug_info    0x00001d99     0x11df ./source/btn_debounce.o
 .debug_info    0x00002f78     0x1143 ./source/ctimer_driver.o
 .debug_info    0x000040bb     0x1281 ./source/gpio4Displays.o
 .debug_info    0x0000533c      0x618 ./source/main.o
 .debug_info    0x00005954       0x3c ./source/semihost_hardfault.o
 .debug_info    0x00005990     0x116a ./source/sensor_gpio.o
 .debug_info    0x00006afa     0x114c ./source/utick_timer.o
 .debug_info    0x00007c46     0x1b16 ./drivers/fsl_flexcomm.o
 .debug_info    0x0000975c     0x14be ./device/system_LPC55S69_cm33_core0.o
 .debug_info    0x0000ac1a       0x85 D:/MCUXpressoIDE_24.12.148/ide/plugins/com.nxp.mcuxpresso.tools.win32_24.12.0.202407110909/tools/bin/../lib/gcc/arm-none-eabi/13.2.1/../../../../arm-none-eabi/lib/thumb/v8-m.main+fp/hard\libcr_nohost_nf.a(_cr__main.o)
 .debug_info    0x0000ac9f       0xfc D:/MCUXpressoIDE_24.12.148/ide/plugins/com.nxp.mcuxpresso.tools.win32_24.12.0.202407110909/tools/bin/../lib/gcc/arm-none-eabi/13.2.1/../../../../arm-none-eabi/lib/thumb/v8-m.main+fp/hard\libcr_c.a(memset.o)
 .debug_info    0x0000ad9b      0x520 D:/MCUXpressoIDE_24.12.148/ide/plugins/com.nxp.mcuxpresso.tools.win32_24.12.0.202407110909/tools/bin/../lib/gcc/arm-none-eabi/13.2.1/../../../../arm-none-eabi/lib/thumb/v8-m.main+fp/hard\libcr_c.a(alloc.o)
 .debug_info    0x0000b2bb       0x44 D:/MCUXpressoIDE_24.12.148/ide/plugins/com.nxp.mcuxpresso.tools.win32_24.12.0.202407110909/tools/bin/../lib/gcc/arm-none-eabi/13.2.1/../../../../arm-none-eabi/lib/thumb/v8-m.main+fp/hard\libcr_c.a(errno.o)
 .debug_info    0x0000b2ff      0x339 D:/MCUXpressoIDE_24.12.148/ide/plugins/com.nxp.mcuxpresso.tools.win32_24.12.0.202407110909/tools/bin/../lib/gcc/arm-none-eabi/13.2.1/../../../../arm-none-eabi/lib/thumb/v8-m.main+fp/hard\libcr_c.a(initio.o)
 .debug_info    0x0000b638      0x1fd D:/MCUXpressoIDE_24.12.148/ide/plugins/com.nxp.mcuxpresso.tools.win32_24.12.0.202407110909/tools/bin/../lib/gcc/arm-none-eabi/13.2.1/../../../../arm-none-eabi/lib/thumb/v8-m.main+fp/hard\libcr_c.a(setvbuf.o)
 .debug_info    0x0000b835       0xe1 D:/MCUXpressoIDE_24.12.148/ide/plugins/com.nxp.mcuxpresso.tools.win32_24.12.0.202407110909/tools/bin/../lib/gcc/arm-none-eabi/13.2.1/../../../../arm-none-eabi/lib/thumb/v8-m.main+fp/hard\libcr_c.a(strlen.o)
 .debug_info    0x0000b916      0x369 D:/MCUXpressoIDE_24.12.148/ide/plugins/com.nxp.mcuxpresso.tools.win32_24.12.0.202407110909/tools/bin/../lib/gcc/arm-none-eabi/13.2.1/../../../../arm-none-eabi/lib/thumb/v8-m.main+fp/hard\libcr_c.a(_deferredlazyseek.o)
 .debug_info    0x0000bc7f      0x24b D:/MCUXpressoIDE_24.12.148/ide/plugins/com.nxp.mcuxpresso.tools.win32_24.12.0.202407110909/tools/bin/../lib/gcc/arm-none-eabi/13.2.1/../../../../arm-none-eabi/lib/thumb/v8-m.main+fp/hard\libcr_c.a(_fdopen.o)
 .debug_info    0x0000beca      0x1e3 D:/MCUXpressoIDE_24.12.148/ide/plugins/com.nxp.mcuxpresso.tools.win32_24.12.0.202407110909/tools/bin/../lib/gcc/arm-none-eabi/13.2.1/../../../../arm-none-eabi/lib/thumb/v8-m.main+fp/hard\libcr_c.a(_fflush.o)
 .debug_info    0x0000c0ad      0x289 D:/MCUXpressoIDE_24.12.148/ide/plugins/com.nxp.mcuxpresso.tools.win32_24.12.0.202407110909/tools/bin/../lib/gcc/arm-none-eabi/13.2.1/../../../../arm-none-eabi/lib/thumb/v8-m.main+fp/hard\libcr_c.a(_writebuf.o)
 .debug_info    0x0000c336      0x318 D:/MCUXpressoIDE_24.12.148/ide/plugins/com.nxp.mcuxpresso.tools.win32_24.12.0.202407110909/tools/bin/../lib/gcc/arm-none-eabi/13.2.1/../../../../arm-none-eabi/lib/thumb/v8-m.main+fp/hard\libcr_c.a(fclose.o)
 .debug_info    0x0000c64e      0x209 D:/MCUXpressoIDE_24.12.148/ide/plugins/com.nxp.mcuxpresso.tools.win32_24.12.0.202407110909/tools/bin/../lib/gcc/arm-none-eabi/13.2.1/../../../../arm-none-eabi/lib/thumb/v8-m.main+fp/hard\libcr_c.a(fflush.o)
 .debug_info    0x0000c857      0x276 D:/MCUXpressoIDE_24.12.148/ide/plugins/com.nxp.mcuxpresso.tools.win32_24.12.0.202407110909/tools/bin/../lib/gcc/arm-none-eabi/13.2.1/../../../../arm-none-eabi/lib/thumb/v8-m.main+fp/hard\libcr_c.a(fseek.o)
 .debug_info    0x0000cacd      0x197 D:/MCUXpressoIDE_24.12.148/ide/plugins/com.nxp.mcuxpresso.tools.win32_24.12.0.202407110909/tools/bin/../lib/gcc/arm-none-eabi/13.2.1/../../../../arm-none-eabi/lib/thumb/v8-m.main+fp/hard\libcr_c.a(ftell.o)
 .debug_info    0x0000cc64      0x1d7 D:/MCUXpressoIDE_24.12.148/ide/plugins/com.nxp.mcuxpresso.tools.win32_24.12.0.202407110909/tools/bin/../lib/gcc/arm-none-eabi/13.2.1/../../../../arm-none-eabi/lib/thumb/v8-m.main+fp/hard\libcr_c.a(remove.o)
 .debug_info    0x0000ce3b      0x23a D:/MCUXpressoIDE_24.12.148/ide/plugins/com.nxp.mcuxpresso.tools.win32_24.12.0.202407110909/tools/bin/../lib/gcc/arm-none-eabi/13.2.1/../../../../arm-none-eabi/lib/thumb/v8-m.main+fp/hard\libcr_c.a(_do_fflush.o)
 .debug_info    0x0000d075      0x18b D:/MCUXpressoIDE_24.12.148/ide/plugins/com.nxp.mcuxpresso.tools.win32_24.12.0.202407110909/tools/bin/../lib/gcc/arm-none-eabi/13.2.1/../../../../arm-none-eabi/lib/thumb/v8-m.main+fp/hard\libcr_nohost_nf.a(__ciob.o)
 .debug_info    0x0000d200       0x6a D:/MCUXpressoIDE_24.12.148/ide/plugins/com.nxp.mcuxpresso.tools.win32_24.12.0.202407110909/tools/bin/../lib/gcc/arm-none-eabi/13.2.1/../../../../arm-none-eabi/lib/thumb/v8-m.main+fp/hard\libcr_nohost_nf.a(__sys_close.o)
 .debug_info    0x0000d26a       0x6a D:/MCUXpressoIDE_24.12.148/ide/plugins/com.nxp.mcuxpresso.tools.win32_24.12.0.202407110909/tools/bin/../lib/gcc/arm-none-eabi/13.2.1/../../../../arm-none-eabi/lib/thumb/v8-m.main+fp/hard\libcr_nohost_nf.a(__sys_flen.o)
 .debug_info    0x0000d2d4       0x6a D:/MCUXpressoIDE_24.12.148/ide/plugins/com.nxp.mcuxpresso.tools.win32_24.12.0.202407110909/tools/bin/../lib/gcc/arm-none-eabi/13.2.1/../../../../arm-none-eabi/lib/thumb/v8-m.main+fp/hard\libcr_nohost_nf.a(__sys_istty.o)
 .debug_info    0x0000d33e       0x8a D:/MCUXpressoIDE_24.12.148/ide/plugins/com.nxp.mcuxpresso.tools.win32_24.12.0.202407110909/tools/bin/../lib/gcc/arm-none-eabi/13.2.1/../../../../arm-none-eabi/lib/thumb/v8-m.main+fp/hard\libcr_nohost_nf.a(__sys_remove.o)
 .debug_info    0x0000d3c8       0x78 D:/MCUXpressoIDE_24.12.148/ide/plugins/com.nxp.mcuxpresso.tools.win32_24.12.0.202407110909/tools/bin/../lib/gcc/arm-none-eabi/13.2.1/../../../../arm-none-eabi/lib/thumb/v8-m.main+fp/hard\libcr_nohost_nf.a(__sys_seek.o)
 .debug_info    0x0000d440       0x93 D:/MCUXpressoIDE_24.12.148/ide/plugins/com.nxp.mcuxpresso.tools.win32_24.12.0.202407110909/tools/bin/../lib/gcc/arm-none-eabi/13.2.1/../../../../arm-none-eabi/lib/thumb/v8-m.main+fp/hard\libcr_nohost_nf.a(__sys_tmpnam.o)
 .debug_info    0x0000d4d3       0x93 D:/MCUXpressoIDE_24.12.148/ide/plugins/com.nxp.mcuxpresso.tools.win32_24.12.0.202407110909/tools/bin/../lib/gcc/arm-none-eabi/13.2.1/../../../../arm-none-eabi/lib/thumb/v8-m.main+fp/hard\libcr_nohost_nf.a(__sys_write.o)

.debug_abbrev   0x00000000     0x2a05
 .debug_abbrev  0x00000000       0xbd ./utilities/fsl_assert.o
 .debug_abbrev  0x000000bd      0x26b ./utilities/fsl_debug_console.o
 .debug_abbrev  0x00000328       0x14 ./utilities/fsl_memcpy.o
 .debug_abbrev  0x0000033c      0x147 ./startup/startup_lpc55s69_cm33_core0.o
 .debug_abbrev  0x00000483      0x187 ./source/SwTimers.o
 .debug_abbrev  0x0000060a      0x193 ./source/btn_debounce.o
 .debug_abbrev  0x0000079d      0x1ab ./source/ctimer_driver.o
 .debug_abbrev  0x00000948      0x1c0 ./source/gpio4Displays.o
 .debug_abbrev  0x00000b08      0x175 ./source/main.o
 .debug_abbrev  0x00000c7d       0x31 ./source/semihost_hardfault.o
 .debug_abbrev  0x00000cae      0x180 ./source/sensor_gpio.o
 .debug_abbrev  0x00000e2e      0x193 ./source/utick_timer.o
 .debug_abbrev  0x00000fc1      0x2be ./drivers/fsl_flexcomm.o
 .debug_abbrev  0x0000127f      0x216 ./device/system_LPC55S69_cm33_core0.o
 .debug_abbrev  0x00001495       0x70 D:/MCUXpressoIDE_24.12.148/ide/plugins/com.nxp.mcuxpresso.tools.win32_24.12.0.202407110909/tools/bin/../lib/gcc/arm-none-eabi/13.2.1/../../../../arm-none-eabi/lib/thumb/v8-m.main+fp/hard\libcr_nohost_nf.a(_cr__main.o)
 .debug_abbrev  0x00001505       0xa8 D:/MCUXpressoIDE_24.12.148/ide/plugins/com.nxp.mcuxpresso.tools.win32_24.12.0.202407110909/tools/bin/../lib/gcc/arm-none-eabi/13.2.1/../../../../arm-none-eabi/lib/thumb/v8-m.main+fp/hard\libcr_c.a(memset.o)
 .debug_abbrev  0x000015ad      0x284 D:/MCUXpressoIDE_24.12.148/ide/plugins/com.nxp.mcuxpresso.tools.win32_24.12.0.202407110909/tools/bin/../lib/gcc/arm-none-eabi/13.2.1/../../../../arm-none-eabi/lib/thumb/v8-m.main+fp/hard\libcr_c.a(alloc.o)
 .debug_abbrev  0x00001831       0x44 D:/MCUXpressoIDE_24.12.148/ide/plugins/com.nxp.mcuxpresso.tools.win32_24.12.0.202407110909/tools/bin/../lib/gcc/arm-none-eabi/13.2.1/../../../../arm-none-eabi/lib/thumb/v8-m.main+fp/hard\libcr_c.a(errno.o)
 .debug_abbrev  0x00001875      0x169 D:/MCUXpressoIDE_24.12.148/ide/plugins/com.nxp.mcuxpresso.tools.win32_24.12.0.202407110909/tools/bin/../lib/gcc/arm-none-eabi/13.2.1/../../../../arm-none-eabi/lib/thumb/v8-m.main+fp/hard\libcr_c.a(initio.o)
 .debug_abbrev  0x000019de       0xe1 D:/MCUXpressoIDE_24.12.148/ide/plugins/com.nxp.mcuxpresso.tools.win32_24.12.0.202407110909/tools/bin/../lib/gcc/arm-none-eabi/13.2.1/../../../../arm-none-eabi/lib/thumb/v8-m.main+fp/hard\libcr_c.a(setvbuf.o)
 .debug_abbrev  0x00001abf       0xa7 D:/MCUXpressoIDE_24.12.148/ide/plugins/com.nxp.mcuxpresso.tools.win32_24.12.0.202407110909/tools/bin/../lib/gcc/arm-none-eabi/13.2.1/../../../../arm-none-eabi/lib/thumb/v8-m.main+fp/hard\libcr_c.a(strlen.o)
 .debug_abbrev  0x00001b66      0x152 D:/MCUXpressoIDE_24.12.148/ide/plugins/com.nxp.mcuxpresso.tools.win32_24.12.0.202407110909/tools/bin/../lib/gcc/arm-none-eabi/13.2.1/../../../../arm-none-eabi/lib/thumb/v8-m.main+fp/hard\libcr_c.a(_deferredlazyseek.o)
 .debug_abbrev  0x00001cb8      0x119 D:/MCUXpressoIDE_24.12.148/ide/plugins/com.nxp.mcuxpresso.tools.win32_24.12.0.202407110909/tools/bin/../lib/gcc/arm-none-eabi/13.2.1/../../../../arm-none-eabi/lib/thumb/v8-m.main+fp/hard\libcr_c.a(_fdopen.o)
 .debug_abbrev  0x00001dd1       0xf1 D:/MCUXpressoIDE_24.12.148/ide/plugins/com.nxp.mcuxpresso.tools.win32_24.12.0.202407110909/tools/bin/../lib/gcc/arm-none-eabi/13.2.1/../../../../arm-none-eabi/lib/thumb/v8-m.main+fp/hard\libcr_c.a(_fflush.o)
 .debug_abbrev  0x00001ec2      0x126 D:/MCUXpressoIDE_24.12.148/ide/plugins/com.nxp.mcuxpresso.tools.win32_24.12.0.202407110909/tools/bin/../lib/gcc/arm-none-eabi/13.2.1/../../../../arm-none-eabi/lib/thumb/v8-m.main+fp/hard\libcr_c.a(_writebuf.o)
 .debug_abbrev  0x00001fe8      0x155 D:/MCUXpressoIDE_24.12.148/ide/plugins/com.nxp.mcuxpresso.tools.win32_24.12.0.202407110909/tools/bin/../lib/gcc/arm-none-eabi/13.2.1/../../../../arm-none-eabi/lib/thumb/v8-m.main+fp/hard\libcr_c.a(fclose.o)
 .debug_abbrev  0x0000213d      0x125 D:/MCUXpressoIDE_24.12.148/ide/plugins/com.nxp.mcuxpresso.tools.win32_24.12.0.202407110909/tools/bin/../lib/gcc/arm-none-eabi/13.2.1/../../../../arm-none-eabi/lib/thumb/v8-m.main+fp/hard\libcr_c.a(fflush.o)
 .debug_abbrev  0x00002262      0x11b D:/MCUXpressoIDE_24.12.148/ide/plugins/com.nxp.mcuxpresso.tools.win32_24.12.0.202407110909/tools/bin/../lib/gcc/arm-none-eabi/13.2.1/../../../../arm-none-eabi/lib/thumb/v8-m.main+fp/hard\libcr_c.a(fseek.o)
 .debug_abbrev  0x0000237d       0xc2 D:/MCUXpressoIDE_24.12.148/ide/plugins/com.nxp.mcuxpresso.tools.win32_24.12.0.202407110909/tools/bin/../lib/gcc/arm-none-eabi/13.2.1/../../../../arm-none-eabi/lib/thumb/v8-m.main+fp/hard\libcr_c.a(ftell.o)
 .debug_abbrev  0x0000243f       0xfb D:/MCUXpressoIDE_24.12.148/ide/plugins/com.nxp.mcuxpresso.tools.win32_24.12.0.202407110909/tools/bin/../lib/gcc/arm-none-eabi/13.2.1/../../../../arm-none-eabi/lib/thumb/v8-m.main+fp/hard\libcr_c.a(remove.o)
 .debug_abbrev  0x0000253a      0x12c D:/MCUXpressoIDE_24.12.148/ide/plugins/com.nxp.mcuxpresso.tools.win32_24.12.0.202407110909/tools/bin/../lib/gcc/arm-none-eabi/13.2.1/../../../../arm-none-eabi/lib/thumb/v8-m.main+fp/hard\libcr_c.a(_do_fflush.o)
 .debug_abbrev  0x00002666       0xb5 D:/MCUXpressoIDE_24.12.148/ide/plugins/com.nxp.mcuxpresso.tools.win32_24.12.0.202407110909/tools/bin/../lib/gcc/arm-none-eabi/13.2.1/../../../../arm-none-eabi/lib/thumb/v8-m.main+fp/hard\libcr_nohost_nf.a(__ciob.o)
 .debug_abbrev  0x0000271b       0x5c D:/MCUXpressoIDE_24.12.148/ide/plugins/com.nxp.mcuxpresso.tools.win32_24.12.0.202407110909/tools/bin/../lib/gcc/arm-none-eabi/13.2.1/../../../../arm-none-eabi/lib/thumb/v8-m.main+fp/hard\libcr_nohost_nf.a(__sys_close.o)
 .debug_abbrev  0x00002777       0x5c D:/MCUXpressoIDE_24.12.148/ide/plugins/com.nxp.mcuxpresso.tools.win32_24.12.0.202407110909/tools/bin/../lib/gcc/arm-none-eabi/13.2.1/../../../../arm-none-eabi/lib/thumb/v8-m.main+fp/hard\libcr_nohost_nf.a(__sys_flen.o)
 .debug_abbrev  0x000027d3       0x5c D:/MCUXpressoIDE_24.12.148/ide/plugins/com.nxp.mcuxpresso.tools.win32_24.12.0.202407110909/tools/bin/../lib/gcc/arm-none-eabi/13.2.1/../../../../arm-none-eabi/lib/thumb/v8-m.main+fp/hard\libcr_nohost_nf.a(__sys_istty.o)
 .debug_abbrev  0x0000282f       0x7d D:/MCUXpressoIDE_24.12.148/ide/plugins/com.nxp.mcuxpresso.tools.win32_24.12.0.202407110909/tools/bin/../lib/gcc/arm-none-eabi/13.2.1/../../../../arm-none-eabi/lib/thumb/v8-m.main+fp/hard\libcr_nohost_nf.a(__sys_remove.o)
 .debug_abbrev  0x000028ac       0x6d D:/MCUXpressoIDE_24.12.148/ide/plugins/com.nxp.mcuxpresso.tools.win32_24.12.0.202407110909/tools/bin/../lib/gcc/arm-none-eabi/13.2.1/../../../../arm-none-eabi/lib/thumb/v8-m.main+fp/hard\libcr_nohost_nf.a(__sys_seek.o)
 .debug_abbrev  0x00002919       0x76 D:/MCUXpressoIDE_24.12.148/ide/plugins/com.nxp.mcuxpresso.tools.win32_24.12.0.202407110909/tools/bin/../lib/gcc/arm-none-eabi/13.2.1/../../../../arm-none-eabi/lib/thumb/v8-m.main+fp/hard\libcr_nohost_nf.a(__sys_tmpnam.o)
 .debug_abbrev  0x0000298f       0x76 D:/MCUXpressoIDE_24.12.148/ide/plugins/com.nxp.mcuxpresso.tools.win32_24.12.0.202407110909/tools/bin/../lib/gcc/arm-none-eabi/13.2.1/../../../../arm-none-eabi/lib/thumb/v8-m.main+fp/hard\libcr_nohost_nf.a(__sys_write.o)

.debug_aranges  0x00000000      0x928
 .debug_aranges
                0x00000000       0x28 ./utilities/fsl_assert.o
 .debug_aranges
                0x00000028       0x78 ./utilities/fsl_debug_console.o
 .debug_aranges
                0x000000a0       0x20 ./utilities/fsl_memcpy.o
 .debug_aranges
                0x000000c0      0x268 ./startup/startup_lpc55s69_cm33_core0.o
 .debug_aranges
                0x00000328       0x50 ./source/SwTimers.o
 .debug_aranges
                0x00000378       0x28 ./source/btn_debounce.o
 .debug_aranges
                0x000003a0       0x38 ./source/ctimer_driver.o
 .debug_aranges
                0x000003d8       0x40 ./source/gpio4Displays.o
 .debug_aranges
                0x00000418       0x30 ./source/main.o
 .debug_aranges
                0x00000448       0x20 ./source/semihost_hardfault.o
 .debug_aranges
                0x00000468       0x28 ./source/sensor_gpio.o
 .debug_aranges
                0x00000490       0x38 ./source/utick_timer.o
 .debug_aranges
                0x000004c8       0x90 ./drivers/fsl_flexcomm.o
 .debug_aranges
                0x00000558       0x88 ./device/system_LPC55S69_cm33_core0.o
 .debug_aranges
                0x000005e0       0x20 D:/MCUXpressoIDE_24.12.148/ide/plugins/com.nxp.mcuxpresso.tools.win32_24.12.0.202407110909/tools/bin/../lib/gcc/arm-none-eabi/13.2.1/../../../../arm-none-eabi/lib/thumb/v8-m.main+fp/hard\libcr_nohost_nf.a(_cr__main.o)
 .debug_aranges
                0x00000600       0x20 D:/MCUXpressoIDE_24.12.148/ide/plugins/com.nxp.mcuxpresso.tools.win32_24.12.0.202407110909/tools/bin/../lib/gcc/arm-none-eabi/13.2.1/../../../../arm-none-eabi/lib/thumb/v8-m.main+fp/hard\libcr_c.a(memset.o)
 .debug_aranges
                0x00000620       0x40 D:/MCUXpressoIDE_24.12.148/ide/plugins/com.nxp.mcuxpresso.tools.win32_24.12.0.202407110909/tools/bin/../lib/gcc/arm-none-eabi/13.2.1/../../../../arm-none-eabi/lib/thumb/v8-m.main+fp/hard\libcr_c.a(alloc.o)
 .debug_aranges
                0x00000660       0x18 D:/MCUXpressoIDE_24.12.148/ide/plugins/com.nxp.mcuxpresso.tools.win32_24.12.0.202407110909/tools/bin/../lib/gcc/arm-none-eabi/13.2.1/../../../../arm-none-eabi/lib/thumb/v8-m.main+fp/hard\libcr_c.a(errno.o)
 .debug_aranges
                0x00000678       0x28 D:/MCUXpressoIDE_24.12.148/ide/plugins/com.nxp.mcuxpresso.tools.win32_24.12.0.202407110909/tools/bin/../lib/gcc/arm-none-eabi/13.2.1/../../../../arm-none-eabi/lib/thumb/v8-m.main+fp/hard\libcr_c.a(initio.o)
 .debug_aranges
                0x000006a0       0x20 D:/MCUXpressoIDE_24.12.148/ide/plugins/com.nxp.mcuxpresso.tools.win32_24.12.0.202407110909/tools/bin/../lib/gcc/arm-none-eabi/13.2.1/../../../../arm-none-eabi/lib/thumb/v8-m.main+fp/hard\libcr_c.a(setvbuf.o)
 .debug_aranges
                0x000006c0       0x20 D:/MCUXpressoIDE_24.12.148/ide/plugins/com.nxp.mcuxpresso.tools.win32_24.12.0.202407110909/tools/bin/../lib/gcc/arm-none-eabi/13.2.1/../../../../arm-none-eabi/lib/thumb/v8-m.main+fp/hard\libcr_c.a(strlen.o)
 .debug_aranges
                0x000006e0       0x28 D:/MCUXpressoIDE_24.12.148/ide/plugins/com.nxp.mcuxpresso.tools.win32_24.12.0.202407110909/tools/bin/../lib/gcc/arm-none-eabi/13.2.1/../../../../arm-none-eabi/lib/thumb/v8-m.main+fp/hard\libcr_c.a(_deferredlazyseek.o)
 .debug_aranges
                0x00000708       0x20 D:/MCUXpressoIDE_24.12.148/ide/plugins/com.nxp.mcuxpresso.tools.win32_24.12.0.202407110909/tools/bin/../lib/gcc/arm-none-eabi/13.2.1/../../../../arm-none-eabi/lib/thumb/v8-m.main+fp/hard\libcr_c.a(_fdopen.o)
 .debug_aranges
                0x00000728       0x20 D:/MCUXpressoIDE_24.12.148/ide/plugins/com.nxp.mcuxpresso.tools.win32_24.12.0.202407110909/tools/bin/../lib/gcc/arm-none-eabi/13.2.1/../../../../arm-none-eabi/lib/thumb/v8-m.main+fp/hard\libcr_c.a(_fflush.o)
 .debug_aranges
                0x00000748       0x20 D:/MCUXpressoIDE_24.12.148/ide/plugins/com.nxp.mcuxpresso.tools.win32_24.12.0.202407110909/tools/bin/../lib/gcc/arm-none-eabi/13.2.1/../../../../arm-none-eabi/lib/thumb/v8-m.main+fp/hard\libcr_c.a(_writebuf.o)
 .debug_aranges
                0x00000768       0x20 D:/MCUXpressoIDE_24.12.148/ide/plugins/com.nxp.mcuxpresso.tools.win32_24.12.0.202407110909/tools/bin/../lib/gcc/arm-none-eabi/13.2.1/../../../../arm-none-eabi/lib/thumb/v8-m.main+fp/hard\libcr_c.a(fclose.o)
 .debug_aranges
                0x00000788       0x20 D:/MCUXpressoIDE_24.12.148/ide/plugins/com.nxp.mcuxpresso.tools.win32_24.12.0.202407110909/tools/bin/../lib/gcc/arm-none-eabi/13.2.1/../../../../arm-none-eabi/lib/thumb/v8-m.main+fp/hard\libcr_c.a(fflush.o)
 .debug_aranges
                0x000007a8       0x20 D:/MCUXpressoIDE_24.12.148/ide/plugins/com.nxp.mcuxpresso.tools.win32_24.12.0.202407110909/tools/bin/../lib/gcc/arm-none-eabi/13.2.1/../../../../arm-none-eabi/lib/thumb/v8-m.main+fp/hard\libcr_c.a(fseek.o)
 .debug_aranges
                0x000007c8       0x20 D:/MCUXpressoIDE_24.12.148/ide/plugins/com.nxp.mcuxpresso.tools.win32_24.12.0.202407110909/tools/bin/../lib/gcc/arm-none-eabi/13.2.1/../../../../arm-none-eabi/lib/thumb/v8-m.main+fp/hard\libcr_c.a(ftell.o)
 .debug_aranges
                0x000007e8       0x28 D:/MCUXpressoIDE_24.12.148/ide/plugins/com.nxp.mcuxpresso.tools.win32_24.12.0.202407110909/tools/bin/../lib/gcc/arm-none-eabi/13.2.1/../../../../arm-none-eabi/lib/thumb/v8-m.main+fp/hard\libcr_c.a(remove.o)
 .debug_aranges
                0x00000810       0x20 D:/MCUXpressoIDE_24.12.148/ide/plugins/com.nxp.mcuxpresso.tools.win32_24.12.0.202407110909/tools/bin/../lib/gcc/arm-none-eabi/13.2.1/../../../../arm-none-eabi/lib/thumb/v8-m.main+fp/hard\libcr_c.a(_do_fflush.o)
 .debug_aranges
                0x00000830       0x18 D:/MCUXpressoIDE_24.12.148/ide/plugins/com.nxp.mcuxpresso.tools.win32_24.12.0.202407110909/tools/bin/../lib/gcc/arm-none-eabi/13.2.1/../../../../arm-none-eabi/lib/thumb/v8-m.main+fp/hard\libcr_nohost_nf.a(__ciob.o)
 .debug_aranges
                0x00000848       0x20 D:/MCUXpressoIDE_24.12.148/ide/plugins/com.nxp.mcuxpresso.tools.win32_24.12.0.202407110909/tools/bin/../lib/gcc/arm-none-eabi/13.2.1/../../../../arm-none-eabi/lib/thumb/v8-m.main+fp/hard\libcr_nohost_nf.a(__sys_close.o)
 .debug_aranges
                0x00000868       0x20 D:/MCUXpressoIDE_24.12.148/ide/plugins/com.nxp.mcuxpresso.tools.win32_24.12.0.202407110909/tools/bin/../lib/gcc/arm-none-eabi/13.2.1/../../../../arm-none-eabi/lib/thumb/v8-m.main+fp/hard\libcr_nohost_nf.a(__sys_flen.o)
 .debug_aranges
                0x00000888       0x20 D:/MCUXpressoIDE_24.12.148/ide/plugins/com.nxp.mcuxpresso.tools.win32_24.12.0.202407110909/tools/bin/../lib/gcc/arm-none-eabi/13.2.1/../../../../arm-none-eabi/lib/thumb/v8-m.main+fp/hard\libcr_nohost_nf.a(__sys_istty.o)
 .debug_aranges
                0x000008a8       0x20 D:/MCUXpressoIDE_24.12.148/ide/plugins/com.nxp.mcuxpresso.tools.win32_24.12.0.202407110909/tools/bin/../lib/gcc/arm-none-eabi/13.2.1/../../../../arm-none-eabi/lib/thumb/v8-m.main+fp/hard\libcr_nohost_nf.a(__sys_remove.o)
 .debug_aranges
                0x000008c8       0x20 D:/MCUXpressoIDE_24.12.148/ide/plugins/com.nxp.mcuxpresso.tools.win32_24.12.0.202407110909/tools/bin/../lib/gcc/arm-none-eabi/13.2.1/../../../../arm-none-eabi/lib/thumb/v8-m.main+fp/hard\libcr_nohost_nf.a(__sys_seek.o)
 .debug_aranges
                0x000008e8       0x20 D:/MCUXpressoIDE_24.12.148/ide/plugins/com.nxp.mcuxpresso.tools.win32_24.12.0.202407110909/tools/bin/../lib/gcc/arm-none-eabi/13.2.1/../../../../arm-none-eabi/lib/thumb/v8-m.main+fp/hard\libcr_nohost_nf.a(__sys_tmpnam.o)
 .debug_aranges
                0x00000908       0x20 D:/MCUXpressoIDE_24.12.148/ide/plugins/com.nxp.mcuxpresso.tools.win32_24.12.0.202407110909/tools/bin/../lib/gcc/arm-none-eabi/13.2.1/../../../../arm-none-eabi/lib/thumb/v8-m.main+fp/hard\libcr_nohost_nf.a(__sys_write.o)

.debug_ranges   0x00000000      0x6f8
 .debug_ranges  0x00000000       0x18 ./utilities/fsl_assert.o
 .debug_ranges  0x00000018       0x68 ./utilities/fsl_debug_console.o
 .debug_ranges  0x00000080      0x258 ./startup/startup_lpc55s69_cm33_core0.o
 .debug_ranges  0x000002d8       0x40 ./source/SwTimers.o
 .debug_ranges  0x00000318       0x18 ./source/btn_debounce.o
 .debug_ranges  0x00000330       0x28 ./source/ctimer_driver.o
 .debug_ranges  0x00000358       0x30 ./source/gpio4Displays.o
 .debug_ranges  0x00000388       0x20 ./source/main.o
 .debug_ranges  0x000003a8       0x10 ./source/semihost_hardfault.o
 .debug_ranges  0x000003b8       0x18 ./source/sensor_gpio.o
 .debug_ranges  0x000003d0       0x28 ./source/utick_timer.o
 .debug_ranges  0x000003f8       0x80 ./drivers/fsl_flexcomm.o
 .debug_ranges  0x00000478       0x78 ./device/system_LPC55S69_cm33_core0.o
 .debug_ranges  0x000004f0       0x10 D:/MCUXpressoIDE_24.12.148/ide/plugins/com.nxp.mcuxpresso.tools.win32_24.12.0.202407110909/tools/bin/../lib/gcc/arm-none-eabi/13.2.1/../../../../arm-none-eabi/lib/thumb/v8-m.main+fp/hard\libcr_nohost_nf.a(_cr__main.o)
 .debug_ranges  0x00000500       0x10 D:/MCUXpressoIDE_24.12.148/ide/plugins/com.nxp.mcuxpresso.tools.win32_24.12.0.202407110909/tools/bin/../lib/gcc/arm-none-eabi/13.2.1/../../../../arm-none-eabi/lib/thumb/v8-m.main+fp/hard\libcr_c.a(memset.o)
 .debug_ranges  0x00000510       0x48 D:/MCUXpressoIDE_24.12.148/ide/plugins/com.nxp.mcuxpresso.tools.win32_24.12.0.202407110909/tools/bin/../lib/gcc/arm-none-eabi/13.2.1/../../../../arm-none-eabi/lib/thumb/v8-m.main+fp/hard\libcr_c.a(alloc.o)
 .debug_ranges  0x00000558       0x18 D:/MCUXpressoIDE_24.12.148/ide/plugins/com.nxp.mcuxpresso.tools.win32_24.12.0.202407110909/tools/bin/../lib/gcc/arm-none-eabi/13.2.1/../../../../arm-none-eabi/lib/thumb/v8-m.main+fp/hard\libcr_c.a(initio.o)
 .debug_ranges  0x00000570       0x10 D:/MCUXpressoIDE_24.12.148/ide/plugins/com.nxp.mcuxpresso.tools.win32_24.12.0.202407110909/tools/bin/../lib/gcc/arm-none-eabi/13.2.1/../../../../arm-none-eabi/lib/thumb/v8-m.main+fp/hard\libcr_c.a(setvbuf.o)
 .debug_ranges  0x00000580       0x10 D:/MCUXpressoIDE_24.12.148/ide/plugins/com.nxp.mcuxpresso.tools.win32_24.12.0.202407110909/tools/bin/../lib/gcc/arm-none-eabi/13.2.1/../../../../arm-none-eabi/lib/thumb/v8-m.main+fp/hard\libcr_c.a(strlen.o)
 .debug_ranges  0x00000590       0x30 D:/MCUXpressoIDE_24.12.148/ide/plugins/com.nxp.mcuxpresso.tools.win32_24.12.0.202407110909/tools/bin/../lib/gcc/arm-none-eabi/13.2.1/../../../../arm-none-eabi/lib/thumb/v8-m.main+fp/hard\libcr_c.a(_deferredlazyseek.o)
 .debug_ranges  0x000005c0       0x10 D:/MCUXpressoIDE_24.12.148/ide/plugins/com.nxp.mcuxpresso.tools.win32_24.12.0.202407110909/tools/bin/../lib/gcc/arm-none-eabi/13.2.1/../../../../arm-none-eabi/lib/thumb/v8-m.main+fp/hard\libcr_c.a(_fdopen.o)
 .debug_ranges  0x000005d0       0x10 D:/MCUXpressoIDE_24.12.148/ide/plugins/com.nxp.mcuxpresso.tools.win32_24.12.0.202407110909/tools/bin/../lib/gcc/arm-none-eabi/13.2.1/../../../../arm-none-eabi/lib/thumb/v8-m.main+fp/hard\libcr_c.a(_fflush.o)
 .debug_ranges  0x000005e0       0x10 D:/MCUXpressoIDE_24.12.148/ide/plugins/com.nxp.mcuxpresso.tools.win32_24.12.0.202407110909/tools/bin/../lib/gcc/arm-none-eabi/13.2.1/../../../../arm-none-eabi/lib/thumb/v8-m.main+fp/hard\libcr_c.a(_writebuf.o)
 .debug_ranges  0x000005f0       0x10 D:/MCUXpressoIDE_24.12.148/ide/plugins/com.nxp.mcuxpresso.tools.win32_24.12.0.202407110909/tools/bin/../lib/gcc/arm-none-eabi/13.2.1/../../../../arm-none-eabi/lib/thumb/v8-m.main+fp/hard\libcr_c.a(fclose.o)
 .debug_ranges  0x00000600       0x28 D:/MCUXpressoIDE_24.12.148/ide/plugins/com.nxp.mcuxpresso.tools.win32_24.12.0.202407110909/tools/bin/../lib/gcc/arm-none-eabi/13.2.1/../../../../arm-none-eabi/lib/thumb/v8-m.main+fp/hard\libcr_c.a(fflush.o)
 .debug_ranges  0x00000628       0x10 D:/MCUXpressoIDE_24.12.148/ide/plugins/com.nxp.mcuxpresso.tools.win32_24.12.0.202407110909/tools/bin/../lib/gcc/arm-none-eabi/13.2.1/../../../../arm-none-eabi/lib/thumb/v8-m.main+fp/hard\libcr_c.a(fseek.o)
 .debug_ranges  0x00000638       0x10 D:/MCUXpressoIDE_24.12.148/ide/plugins/com.nxp.mcuxpresso.tools.win32_24.12.0.202407110909/tools/bin/../lib/gcc/arm-none-eabi/13.2.1/../../../../arm-none-eabi/lib/thumb/v8-m.main+fp/hard\libcr_c.a(ftell.o)
 .debug_ranges  0x00000648       0x18 D:/MCUXpressoIDE_24.12.148/ide/plugins/com.nxp.mcuxpresso.tools.win32_24.12.0.202407110909/tools/bin/../lib/gcc/arm-none-eabi/13.2.1/../../../../arm-none-eabi/lib/thumb/v8-m.main+fp/hard\libcr_c.a(remove.o)
 .debug_ranges  0x00000660       0x28 D:/MCUXpressoIDE_24.12.148/ide/plugins/com.nxp.mcuxpresso.tools.win32_24.12.0.202407110909/tools/bin/../lib/gcc/arm-none-eabi/13.2.1/../../../../arm-none-eabi/lib/thumb/v8-m.main+fp/hard\libcr_c.a(_do_fflush.o)
 .debug_ranges  0x00000688       0x10 D:/MCUXpressoIDE_24.12.148/ide/plugins/com.nxp.mcuxpresso.tools.win32_24.12.0.202407110909/tools/bin/../lib/gcc/arm-none-eabi/13.2.1/../../../../arm-none-eabi/lib/thumb/v8-m.main+fp/hard\libcr_nohost_nf.a(__sys_close.o)
 .debug_ranges  0x00000698       0x10 D:/MCUXpressoIDE_24.12.148/ide/plugins/com.nxp.mcuxpresso.tools.win32_24.12.0.202407110909/tools/bin/../lib/gcc/arm-none-eabi/13.2.1/../../../../arm-none-eabi/lib/thumb/v8-m.main+fp/hard\libcr_nohost_nf.a(__sys_flen.o)
 .debug_ranges  0x000006a8       0x10 D:/MCUXpressoIDE_24.12.148/ide/plugins/com.nxp.mcuxpresso.tools.win32_24.12.0.202407110909/tools/bin/../lib/gcc/arm-none-eabi/13.2.1/../../../../arm-none-eabi/lib/thumb/v8-m.main+fp/hard\libcr_nohost_nf.a(__sys_istty.o)
 .debug_ranges  0x000006b8       0x10 D:/MCUXpressoIDE_24.12.148/ide/plugins/com.nxp.mcuxpresso.tools.win32_24.12.0.202407110909/tools/bin/../lib/gcc/arm-none-eabi/13.2.1/../../../../arm-none-eabi/lib/thumb/v8-m.main+fp/hard\libcr_nohost_nf.a(__sys_remove.o)
 .debug_ranges  0x000006c8       0x10 D:/MCUXpressoIDE_24.12.148/ide/plugins/com.nxp.mcuxpresso.tools.win32_24.12.0.202407110909/tools/bin/../lib/gcc/arm-none-eabi/13.2.1/../../../../arm-none-eabi/lib/thumb/v8-m.main+fp/hard\libcr_nohost_nf.a(__sys_seek.o)
 .debug_ranges  0x000006d8       0x10 D:/MCUXpressoIDE_24.12.148/ide/plugins/com.nxp.mcuxpresso.tools.win32_24.12.0.202407110909/tools/bin/../lib/gcc/arm-none-eabi/13.2.1/../../../../arm-none-eabi/lib/thumb/v8-m.main+fp/hard\libcr_nohost_nf.a(__sys_tmpnam.o)
 .debug_ranges  0x000006e8       0x10 D:/MCUXpressoIDE_24.12.148/ide/plugins/com.nxp.mcuxpresso.tools.win32_24.12.0.202407110909/tools/bin/../lib/gcc/arm-none-eabi/13.2.1/../../../../arm-none-eabi/lib/thumb/v8-m.main+fp/hard\libcr_nohost_nf.a(__sys_write.o)

.debug_macro    0x00000000    0x162d1
 .debug_macro   0x00000000      0x157 ./utilities/fsl_assert.o
 .debug_macro   0x00000157      0xb14 ./utilities/fsl_assert.o
 .debug_macro   0x00000c6b       0x10 ./utilities/fsl_assert.o
 .debug_macro   0x00000c7b       0x1c ./utilities/fsl_assert.o
 .debug_macro   0x00000c97       0x22 ./utilities/fsl_assert.o
 .debug_macro   0x00000cb9      0x12e ./utilities/fsl_assert.o
 .debug_macro   0x00000de7      0x5b3 ./utilities/fsl_assert.o
 .debug_macro   0x0000139a       0x22 ./utilities/fsl_assert.o
 .debug_macro   0x000013bc       0x10 ./utilities/fsl_assert.o
 .debug_macro   0x000013cc       0x46 ./utilities/fsl_assert.o
 .debug_macro   0x00001412       0x1c ./utilities/fsl_assert.o
 .debug_macro   0x0000142e       0x29 ./utilities/fsl_assert.o
 .debug_macro   0x00001457       0xfb ./utilities/fsl_assert.o
 .debug_macro   0x00001552     0x167e ./utilities/fsl_assert.o
 .debug_macro   0x00002bd0       0x5e ./utilities/fsl_assert.o
 .debug_macro   0x00002c2e       0x2e ./utilities/fsl_assert.o
 .debug_macro   0x00002c5c    0x116e8 ./utilities/fsl_assert.o
 .debug_macro   0x00014344      0x4f1 ./utilities/fsl_assert.o
 .debug_macro   0x00014835       0x7a ./utilities/fsl_assert.o
 .debug_macro   0x000148af       0xaf ./utilities/fsl_assert.o
 .debug_macro   0x0001495e      0x2ca ./utilities/fsl_assert.o
 .debug_macro   0x00014c28       0x16 ./utilities/fsl_assert.o
 .debug_macro   0x00014c3e      0x11f ./utilities/fsl_assert.o
 .debug_macro   0x00014d5d       0x1c ./utilities/fsl_assert.o
 .debug_macro   0x00014d79       0x1c ./utilities/fsl_assert.o
 .debug_macro   0x00014d95       0x34 ./utilities/fsl_assert.o
 .debug_macro   0x00014dc9      0x17d ./utilities/fsl_debug_console.o
 .debug_macro   0x00014f46       0x16 ./utilities/fsl_debug_console.o
 .debug_macro   0x00014f5c       0x10 ./utilities/fsl_debug_console.o
 .debug_macro   0x00014f6c       0x28 ./utilities/fsl_debug_console.o
 .debug_macro   0x00014f94       0xc4 ./utilities/fsl_debug_console.o
 .debug_macro   0x00015058       0x16 ./utilities/fsl_debug_console.o
 .debug_macro   0x0001506e       0x47 ./utilities/fsl_debug_console.o
 .debug_macro   0x000150b5       0x29 ./startup/startup_lpc55s69_cm33_core0.o
 .debug_macro   0x000150de      0x1a4 ./source/SwTimers.o
 .debug_macro   0x00015282       0x2f ./source/SwTimers.o
 .debug_macro   0x000152b1       0x10 ./source/SwTimers.o
 .debug_macro   0x000152c1       0xfe ./source/SwTimers.o
 .debug_macro   0x000153bf      0x1f0 ./source/SwTimers.o
 .debug_macro   0x000155af       0x1c ./source/SwTimers.o
 .debug_macro   0x000155cb       0x10 ./source/SwTimers.o
 .debug_macro   0x000155db      0x179 ./source/btn_debounce.o
 .debug_macro   0x00015754       0x1c ./source/btn_debounce.o
 .debug_macro   0x00015770      0x192 ./source/ctimer_driver.o
 .debug_macro   0x00015902      0x22d ./source/gpio4Displays.o
 .debug_macro   0x00015b2f       0x3a ./source/gpio4Displays.o
 .debug_macro   0x00015b69      0x1cc ./source/main.o
 .debug_macro   0x00015d35       0x10 ./source/main.o
 .debug_macro   0x00015d45       0x22 ./source/main.o
 .debug_macro   0x00015d67       0x40 ./source/main.o
 .debug_macro   0x00015da7       0x11 ./source/semihost_hardfault.o
 .debug_macro   0x00015db8      0x186 ./source/sensor_gpio.o
 .debug_macro   0x00015f3e      0x17d ./source/utick_timer.o
 .debug_macro   0x000160bb      0x145 ./drivers/fsl_flexcomm.o
 .debug_macro   0x00016200       0x10 ./drivers/fsl_flexcomm.o
 .debug_macro   0x00016210       0xc1 ./device/system_LPC55S69_cm33_core0.o

.debug_line     0x00000000     0x5c7c
 .debug_line    0x00000000      0x3d9 ./utilities/fsl_assert.o
 .debug_line    0x000003d9      0x87f ./utilities/fsl_debug_console.o
 .debug_line    0x00000c58       0x89 ./utilities/fsl_memcpy.o
 .debug_line    0x00000ce1      0x794 ./startup/startup_lpc55s69_cm33_core0.o
 .debug_line    0x00001475      0x530 ./source/SwTimers.o
 .debug_line    0x000019a5      0x49f ./source/btn_debounce.o
 .debug_line    0x00001e44      0x4c8 ./source/ctimer_driver.o
 .debug_line    0x0000230c      0x589 ./source/gpio4Displays.o
 .debug_line    0x00002895      0x54a ./source/main.o
 .debug_line    0x00002ddf       0x59 ./source/semihost_hardfault.o
 .debug_line    0x00002e38      0x444 ./source/sensor_gpio.o
 .debug_line    0x0000327c      0x497 ./source/utick_timer.o
 .debug_line    0x00003713      0x5ff ./drivers/fsl_flexcomm.o
 .debug_line    0x00003d12      0x6b1 ./device/system_LPC55S69_cm33_core0.o
 .debug_line    0x000043c3       0xc4 D:/MCUXpressoIDE_24.12.148/ide/plugins/com.nxp.mcuxpresso.tools.win32_24.12.0.202407110909/tools/bin/../lib/gcc/arm-none-eabi/13.2.1/../../../../arm-none-eabi/lib/thumb/v8-m.main+fp/hard\libcr_nohost_nf.a(_cr__main.o)
 .debug_line    0x00004487       0x7b D:/MCUXpressoIDE_24.12.148/ide/plugins/com.nxp.mcuxpresso.tools.win32_24.12.0.202407110909/tools/bin/../lib/gcc/arm-none-eabi/13.2.1/../../../../arm-none-eabi/lib/thumb/v8-m.main+fp/hard\libcr_c.a(memset.o)
 .debug_line    0x00004502      0x37d D:/MCUXpressoIDE_24.12.148/ide/plugins/com.nxp.mcuxpresso.tools.win32_24.12.0.202407110909/tools/bin/../lib/gcc/arm-none-eabi/13.2.1/../../../../arm-none-eabi/lib/thumb/v8-m.main+fp/hard\libcr_c.a(alloc.o)
 .debug_line    0x0000487f       0x4e D:/MCUXpressoIDE_24.12.148/ide/plugins/com.nxp.mcuxpresso.tools.win32_24.12.0.202407110909/tools/bin/../lib/gcc/arm-none-eabi/13.2.1/../../../../arm-none-eabi/lib/thumb/v8-m.main+fp/hard\libcr_c.a(errno.o)
 .debug_line    0x000048cd      0x149 D:/MCUXpressoIDE_24.12.148/ide/plugins/com.nxp.mcuxpresso.tools.win32_24.12.0.202407110909/tools/bin/../lib/gcc/arm-none-eabi/13.2.1/../../../../arm-none-eabi/lib/thumb/v8-m.main+fp/hard\libcr_c.a(initio.o)
 .debug_line    0x00004a16       0xec D:/MCUXpressoIDE_24.12.148/ide/plugins/com.nxp.mcuxpresso.tools.win32_24.12.0.202407110909/tools/bin/../lib/gcc/arm-none-eabi/13.2.1/../../../../arm-none-eabi/lib/thumb/v8-m.main+fp/hard\libcr_c.a(setvbuf.o)
 .debug_line    0x00004b02      0x109 D:/MCUXpressoIDE_24.12.148/ide/plugins/com.nxp.mcuxpresso.tools.win32_24.12.0.202407110909/tools/bin/../lib/gcc/arm-none-eabi/13.2.1/../../../../arm-none-eabi/lib/thumb/v8-m.main+fp/hard\libcr_c.a(strlen.o)
 .debug_line    0x00004c0b      0x2e9 D:/MCUXpressoIDE_24.12.148/ide/plugins/com.nxp.mcuxpresso.tools.win32_24.12.0.202407110909/tools/bin/../lib/gcc/arm-none-eabi/13.2.1/../../../../arm-none-eabi/lib/thumb/v8-m.main+fp/hard\libcr_c.a(_deferredlazyseek.o)
 .debug_line    0x00004ef4      0x11c D:/MCUXpressoIDE_24.12.148/ide/plugins/com.nxp.mcuxpresso.tools.win32_24.12.0.202407110909/tools/bin/../lib/gcc/arm-none-eabi/13.2.1/../../../../arm-none-eabi/lib/thumb/v8-m.main+fp/hard\libcr_c.a(_fdopen.o)
 .debug_line    0x00005010      0x11f D:/MCUXpressoIDE_24.12.148/ide/plugins/com.nxp.mcuxpresso.tools.win32_24.12.0.202407110909/tools/bin/../lib/gcc/arm-none-eabi/13.2.1/../../../../arm-none-eabi/lib/thumb/v8-m.main+fp/hard\libcr_c.a(_fflush.o)
 .debug_line    0x0000512f      0x12d D:/MCUXpressoIDE_24.12.148/ide/plugins/com.nxp.mcuxpresso.tools.win32_24.12.0.202407110909/tools/bin/../lib/gcc/arm-none-eabi/13.2.1/../../../../arm-none-eabi/lib/thumb/v8-m.main+fp/hard\libcr_c.a(_writebuf.o)
 .debug_line    0x0000525c      0x10f D:/MCUXpressoIDE_24.12.148/ide/plugins/com.nxp.mcuxpresso.tools.win32_24.12.0.202407110909/tools/bin/../lib/gcc/arm-none-eabi/13.2.1/../../../../arm-none-eabi/lib/thumb/v8-m.main+fp/hard\libcr_c.a(fclose.o)
 .debug_line    0x0000536b       0xe1 D:/MCUXpressoIDE_24.12.148/ide/plugins/com.nxp.mcuxpresso.tools.win32_24.12.0.202407110909/tools/bin/../lib/gcc/arm-none-eabi/13.2.1/../../../../arm-none-eabi/lib/thumb/v8-m.main+fp/hard\libcr_c.a(fflush.o)
 .debug_line    0x0000544c      0x232 D:/MCUXpressoIDE_24.12.148/ide/plugins/com.nxp.mcuxpresso.tools.win32_24.12.0.202407110909/tools/bin/../lib/gcc/arm-none-eabi/13.2.1/../../../../arm-none-eabi/lib/thumb/v8-m.main+fp/hard\libcr_c.a(fseek.o)
 .debug_line    0x0000567e      0x10a D:/MCUXpressoIDE_24.12.148/ide/plugins/com.nxp.mcuxpresso.tools.win32_24.12.0.202407110909/tools/bin/../lib/gcc/arm-none-eabi/13.2.1/../../../../arm-none-eabi/lib/thumb/v8-m.main+fp/hard\libcr_c.a(ftell.o)
 .debug_line    0x00005788       0xec D:/MCUXpressoIDE_24.12.148/ide/plugins/com.nxp.mcuxpresso.tools.win32_24.12.0.202407110909/tools/bin/../lib/gcc/arm-none-eabi/13.2.1/../../../../arm-none-eabi/lib/thumb/v8-m.main+fp/hard\libcr_c.a(remove.o)
 .debug_line    0x00005874       0xfc D:/MCUXpressoIDE_24.12.148/ide/plugins/com.nxp.mcuxpresso.tools.win32_24.12.0.202407110909/tools/bin/../lib/gcc/arm-none-eabi/13.2.1/../../../../arm-none-eabi/lib/thumb/v8-m.main+fp/hard\libcr_c.a(_do_fflush.o)
 .debug_line    0x00005970       0xea D:/MCUXpressoIDE_24.12.148/ide/plugins/com.nxp.mcuxpresso.tools.win32_24.12.0.202407110909/tools/bin/../lib/gcc/arm-none-eabi/13.2.1/../../../../arm-none-eabi/lib/thumb/v8-m.main+fp/hard\libcr_nohost_nf.a(__ciob.o)
 .debug_line    0x00005a5a       0x4e D:/MCUXpressoIDE_24.12.148/ide/plugins/com.nxp.mcuxpresso.tools.win32_24.12.0.202407110909/tools/bin/../lib/gcc/arm-none-eabi/13.2.1/../../../../arm-none-eabi/lib/thumb/v8-m.main+fp/hard\libcr_nohost_nf.a(__sys_close.o)
 .debug_line    0x00005aa8       0x4d D:/MCUXpressoIDE_24.12.148/ide/plugins/com.nxp.mcuxpresso.tools.win32_24.12.0.202407110909/tools/bin/../lib/gcc/arm-none-eabi/13.2.1/../../../../arm-none-eabi/lib/thumb/v8-m.main+fp/hard\libcr_nohost_nf.a(__sys_flen.o)
 .debug_line    0x00005af5       0x4e D:/MCUXpressoIDE_24.12.148/ide/plugins/com.nxp.mcuxpresso.tools.win32_24.12.0.202407110909/tools/bin/../lib/gcc/arm-none-eabi/13.2.1/../../../../arm-none-eabi/lib/thumb/v8-m.main+fp/hard\libcr_nohost_nf.a(__sys_istty.o)
 .debug_line    0x00005b43       0x4f D:/MCUXpressoIDE_24.12.148/ide/plugins/com.nxp.mcuxpresso.tools.win32_24.12.0.202407110909/tools/bin/../lib/gcc/arm-none-eabi/13.2.1/../../../../arm-none-eabi/lib/thumb/v8-m.main+fp/hard\libcr_nohost_nf.a(__sys_remove.o)
 .debug_line    0x00005b92       0x4d D:/MCUXpressoIDE_24.12.148/ide/plugins/com.nxp.mcuxpresso.tools.win32_24.12.0.202407110909/tools/bin/../lib/gcc/arm-none-eabi/13.2.1/../../../../arm-none-eabi/lib/thumb/v8-m.main+fp/hard\libcr_nohost_nf.a(__sys_seek.o)
 .debug_line    0x00005bdf       0x4f D:/MCUXpressoIDE_24.12.148/ide/plugins/com.nxp.mcuxpresso.tools.win32_24.12.0.202407110909/tools/bin/../lib/gcc/arm-none-eabi/13.2.1/../../../../arm-none-eabi/lib/thumb/v8-m.main+fp/hard\libcr_nohost_nf.a(__sys_tmpnam.o)
 .debug_line    0x00005c2e       0x4e D:/MCUXpressoIDE_24.12.148/ide/plugins/com.nxp.mcuxpresso.tools.win32_24.12.0.202407110909/tools/bin/../lib/gcc/arm-none-eabi/13.2.1/../../../../arm-none-eabi/lib/thumb/v8-m.main+fp/hard\libcr_nohost_nf.a(__sys_write.o)

.debug_str      0x00000000    0xb9b3e
 .debug_str     0x00000000    0xb9b3e ./utilities/fsl_assert.o
                              0xb3675 (size before relaxing)
 .debug_str     0x000b9b3e    0xb4e9a ./utilities/fsl_debug_console.o
 .debug_str     0x000b9b3e       0x68 ./utilities/fsl_memcpy.o
 .debug_str     0x000b9b3e     0x368b ./startup/startup_lpc55s69_cm33_core0.o
 .debug_str     0x000b9b3e    0xb570b ./source/SwTimers.o
 .debug_str     0x000b9b3e    0xb5cac ./source/btn_debounce.o
 .debug_str     0x000b9b3e    0xb5d1a ./source/ctimer_driver.o
 .debug_str     0x000b9b3e    0xb60f2 ./source/gpio4Displays.o
 .debug_str     0x000b9b3e    0xb585f ./source/main.o
 .debug_str     0x000b9b3e     0x2f8d ./source/semihost_hardfault.o
 .debug_str     0x000b9b3e    0xb5c75 ./source/sensor_gpio.o
 .debug_str     0x000b9b3e    0xb5d0d ./source/utick_timer.o
 .debug_str     0x000b9b3e    0xb59d4 ./drivers/fsl_flexcomm.o
 .debug_str     0x000b9b3e    0xb13ef ./device/system_LPC55S69_cm33_core0.o
 .debug_str     0x000b9b3e      0x199 D:/MCUXpressoIDE_24.12.148/ide/plugins/com.nxp.mcuxpresso.tools.win32_24.12.0.202407110909/tools/bin/../lib/gcc/arm-none-eabi/13.2.1/../../../../arm-none-eabi/lib/thumb/v8-m.main+fp/hard\libcr_nohost_nf.a(_cr__main.o)
 .debug_str     0x000b9b3e      0x1b0 D:/MCUXpressoIDE_24.12.148/ide/plugins/com.nxp.mcuxpresso.tools.win32_24.12.0.202407110909/tools/bin/../lib/gcc/arm-none-eabi/13.2.1/../../../../arm-none-eabi/lib/thumb/v8-m.main+fp/hard\libcr_c.a(memset.o)
 .debug_str     0x000b9b3e      0x263 D:/MCUXpressoIDE_24.12.148/ide/plugins/com.nxp.mcuxpresso.tools.win32_24.12.0.202407110909/tools/bin/../lib/gcc/arm-none-eabi/13.2.1/../../../../arm-none-eabi/lib/thumb/v8-m.main+fp/hard\libcr_c.a(alloc.o)
 .debug_str     0x000b9b3e      0x144 D:/MCUXpressoIDE_24.12.148/ide/plugins/com.nxp.mcuxpresso.tools.win32_24.12.0.202407110909/tools/bin/../lib/gcc/arm-none-eabi/13.2.1/../../../../arm-none-eabi/lib/thumb/v8-m.main+fp/hard\libcr_c.a(errno.o)
 .debug_str     0x000b9b3e      0x26d D:/MCUXpressoIDE_24.12.148/ide/plugins/com.nxp.mcuxpresso.tools.win32_24.12.0.202407110909/tools/bin/../lib/gcc/arm-none-eabi/13.2.1/../../../../arm-none-eabi/lib/thumb/v8-m.main+fp/hard\libcr_c.a(initio.o)
 .debug_str     0x000b9b3e      0x263 D:/MCUXpressoIDE_24.12.148/ide/plugins/com.nxp.mcuxpresso.tools.win32_24.12.0.202407110909/tools/bin/../lib/gcc/arm-none-eabi/13.2.1/../../../../arm-none-eabi/lib/thumb/v8-m.main+fp/hard\libcr_c.a(setvbuf.o)
 .debug_str     0x000b9b3e      0x1aa D:/MCUXpressoIDE_24.12.148/ide/plugins/com.nxp.mcuxpresso.tools.win32_24.12.0.202407110909/tools/bin/../lib/gcc/arm-none-eabi/13.2.1/../../../../arm-none-eabi/lib/thumb/v8-m.main+fp/hard\libcr_c.a(strlen.o)
 .debug_str     0x000b9b3e      0x2a7 D:/MCUXpressoIDE_24.12.148/ide/plugins/com.nxp.mcuxpresso.tools.win32_24.12.0.202407110909/tools/bin/../lib/gcc/arm-none-eabi/13.2.1/../../../../arm-none-eabi/lib/thumb/v8-m.main+fp/hard\libcr_c.a(_deferredlazyseek.o)
 .debug_str     0x000b9b3e      0x260 D:/MCUXpressoIDE_24.12.148/ide/plugins/com.nxp.mcuxpresso.tools.win32_24.12.0.202407110909/tools/bin/../lib/gcc/arm-none-eabi/13.2.1/../../../../arm-none-eabi/lib/thumb/v8-m.main+fp/hard\libcr_c.a(_fdopen.o)